#
# There is insufficient memory for the Java Runtime Environment to continue.
# Native memory allocation (malloc) failed to allocate 1119456 bytes for Chunk::new
# Possible reasons:
#   The system is out of physical RAM or swap space
#   The process is running with CompressedOops enabled, and the Java Heap may be blocking the growth of the native heap
# Possible solutions:
#   Reduce memory load on the system
#   Increase physical memory or swap space
#   Check if swap backing store is full
#   Decrease Java heap size (-Xmx/-Xms)
#   Decrease number of Java threads
#   Decrease Java thread stack sizes (-Xss)
#   Set larger code cache with -XX:ReservedCodeCacheSize=
#   JVM is running with Unscaled Compressed Oops mode in which the Java heap is
#     placed in the first 4GB address space. The Java Heap base address is the
#     maximum limit for the native heap growth. Please use -XX:HeapBaseMinAddress
#     to set the Java Heap base and to place the Java Heap above 4GB virtual address.
# This output file may be truncated or incomplete.
#
#  Out of Memory Error (arena.cpp:189), pid=53656, tid=11124
#
# JRE version: OpenJDK Runtime Environment Corretto-17.0.8.8.1 (17.0.8.1+8) (build 17.0.8.1+8-LTS)
# Java VM: OpenJDK 64-Bit Server VM Corretto-17.0.8.8.1 (17.0.8.1+8-LTS, mixed mode, sharing, tiered, compressed oops, compressed class ptrs, g1 gc, windows-amd64)
# No core dump will be written. Minidumps are not enabled by default on client versions of Windows
#

---------------  S U M M A R Y ------------

Command Line: --add-opens=java.base/java.lang=ALL-UNNAMED --add-opens=java.base/java.lang.invoke=ALL-UNNAMED --add-opens=java.base/java.util=ALL-UNNAMED --add-opens=java.prefs/java.util.prefs=ALL-UNNAMED --add-exports=jdk.compiler/com.sun.tools.javac.api=ALL-UNNAMED --add-exports=jdk.compiler/com.sun.tools.javac.util=ALL-UNNAMED --add-opens=java.base/java.util=ALL-UNNAMED --add-opens=java.prefs/java.util.prefs=ALL-UNNAMED --add-opens=java.base/java.nio.charset=ALL-UNNAMED --add-opens=java.base/java.net=ALL-UNNAMED --add-opens=java.base/java.util.concurrent.atomic=ALL-UNNAMED --add-opens=java.xml/javax.xml.namespace=ALL-UNNAMED -XX:MaxMetaspaceSize=384m -XX:+HeapDumpOnOutOfMemoryError -Xms256m -Xmx512m -Dfile.encoding=windows-1252 -Duser.country=IN -Duser.language=en -Duser.variant -javaagent:C:\Users\anura\.gradle\wrapper\dists\gradle-8.14.3-bin\cv11ve7ro1n3o1j4so8xd9n66\gradle-8.14.3\lib\agents\gradle-instrumentation-agent-8.14.3.jar org.gradle.launcher.daemon.bootstrap.GradleDaemon 8.14.3

Host: AMD Ryzen 7 7840HS w/ Radeon 780M Graphics     , 16 cores, 15G,  Windows 11 , 64 bit Build 26100 (10.0.26100.8115)
Time: Tue Apr 14 23:39:03 2026 India Standard Time elapsed time: 27.746366 seconds (0d 0h 0m 27s)

---------------  T H R E A D  ---------------

Current thread (0x000001c9dfd47ff0):  JavaThread "C2 CompilerThread2" daemon [_thread_in_native, id=11124, stack(0x0000008aa0900000,0x0000008aa0a00000)]


Current CompileTask:
C2:  27746 9075       4       java.lang.Class::privateGetPublicMethods (224 bytes)

Stack: [0x0000008aa0900000,0x0000008aa0a00000]
Native frames: (J=compiled Java code, j=interpreted, Vv=VM code, C=native code)
V  [jvm.dll+0x64c9da]
V  [jvm.dll+0x800834]
V  [jvm.dll+0x801fee]
V  [jvm.dll+0x802643]
V  [jvm.dll+0x23715b]
V  [jvm.dll+0xbd5ac]
V  [jvm.dll+0xbdb8c]
V  [jvm.dll+0x29e652]
V  [jvm.dll+0x55afd8]
V  [jvm.dll+0x213a5b]
V  [jvm.dll+0x20cc50]
V  [jvm.dll+0x20a4c2]
V  [jvm.dll+0x19a74d]
V  [jvm.dll+0x219b5d]
V  [jvm.dll+0x217cbb]
V  [jvm.dll+0x7b94bb]
V  [jvm.dll+0x7b392a]
V  [jvm.dll+0x64b845]
C  [ucrtbase.dll+0x37b0]
C  [KERNEL32.DLL+0x2e8d7]
C  [ntdll.dll+0x8c3fc]


---------------  P R O C E S S  ---------------

Threads class SMR info:
_java_thread_list=0x000001c9e19be5b0, length=72, elements={
0x000001c9a520ba90, 0x000001c9c25c72b0, 0x000001c9c25c7d80, 0x000001c9c26f4490,
0x000001c9c26f4d60, 0x000001c9c26f5630, 0x000001c9c26f5f00, 0x000001c9c26f6b00,
0x000001c9c26fb4e0, 0x000001c9c26fde00, 0x000001c9c25b3c80, 0x000001c9c293aee0,
0x000001c9c285adb0, 0x000001c9c29dbbc0, 0x000001c9dd60ca30, 0x000001c9dd603040,
0x000001c9dd5b74f0, 0x000001c9dcad56a0, 0x000001c9dcad3840, 0x000001c9dcad4c80,
0x000001c9dcad5bb0, 0x000001c9dcad2400, 0x000001c9dcad2e20, 0x000001c9dcad3d50,
0x000001c9dcad3330, 0x000001c9dcad4260, 0x000001c9dcad4770, 0x000001c9dcad2910,
0x000001c9de9c8cb0, 0x000001c9de9c5f20, 0x000001c9de9c87a0, 0x000001c9de9c8290,
0x000001c9de9c91c0, 0x000001c9de9c5a10, 0x000001c9de9c96d0, 0x000001c9de9c9be0,
0x000001c9de9c6430, 0x000001c9de9ca0f0, 0x000001c9de9c7d80, 0x000001c9de9c6940,
0x000001c9de9ca600, 0x000001c9de9c6e50, 0x000001c9de9cab10, 0x000001c9de9c7360,
0x000001c9de9cb020, 0x000001c9de9c7870, 0x000001c9de9cb530, 0x000001c9de9cc460,
0x000001c9de9cc970, 0x000001c9de9cd390, 0x000001c9e1838810, 0x000001c9e18364a0,
0x000001c9e1835060, 0x000001c9e1836ec0, 0x000001c9e1838d20, 0x000001c9e1835f90,
0x000001c9e1838300, 0x000001c9e18373d0, 0x000001c9e18378e0, 0x000001c9e1837df0,
0x000001c9e1835570, 0x000001c9e1839230, 0x000001c9e1835a80, 0x000001c9e1839740,
0x000001c9e183bab0, 0x000001c9e183bfc0, 0x000001c9e183b090, 0x000001c9e1839c50,
0x000001c9e183c4d0, 0x000001c9e183c9e0, 0x000001c9dfd44030, 0x000001c9dfd47ff0
}

Java Threads: ( => current thread )
  0x000001c9a520ba90 JavaThread "main" [_thread_blocked, id=52124, stack(0x0000008a9c000000,0x0000008a9c100000)]
  0x000001c9c25c72b0 JavaThread "Reference Handler" daemon [_thread_blocked, id=55688, stack(0x0000008a9c700000,0x0000008a9c800000)]
  0x000001c9c25c7d80 JavaThread "Finalizer" daemon [_thread_blocked, id=4584, stack(0x0000008a9c800000,0x0000008a9c900000)]
  0x000001c9c26f4490 JavaThread "Signal Dispatcher" daemon [_thread_blocked, id=44144, stack(0x0000008a9c900000,0x0000008a9ca00000)]
  0x000001c9c26f4d60 JavaThread "Attach Listener" daemon [_thread_blocked, id=11412, stack(0x0000008a9ca00000,0x0000008a9cb00000)]
  0x000001c9c26f5630 JavaThread "Service Thread" daemon [_thread_blocked, id=39740, stack(0x0000008a9cb00000,0x0000008a9cc00000)]
  0x000001c9c26f5f00 JavaThread "Monitor Deflation Thread" daemon [_thread_blocked, id=40556, stack(0x0000008a9cc00000,0x0000008a9cd00000)]
  0x000001c9c26f6b00 JavaThread "C2 CompilerThread0" daemon [_thread_in_native, id=33420, stack(0x0000008a9cd00000,0x0000008a9ce00000)]
  0x000001c9c26fb4e0 JavaThread "C1 CompilerThread0" daemon [_thread_blocked, id=63140, stack(0x0000008a9ce00000,0x0000008a9cf00000)]
  0x000001c9c26fde00 JavaThread "Sweeper thread" daemon [_thread_blocked, id=53628, stack(0x0000008a9cf00000,0x0000008a9d000000)]
  0x000001c9c25b3c80 JavaThread "Common-Cleaner" daemon [_thread_blocked, id=36756, stack(0x0000008a9d100000,0x0000008a9d200000)]
  0x000001c9c293aee0 JavaThread "Notification Thread" daemon [_thread_blocked, id=41100, stack(0x0000008a9d200000,0x0000008a9d300000)]
  0x000001c9c285adb0 JavaThread "C1 CompilerThread1" daemon [_thread_blocked, id=44092, stack(0x0000008a9d000000,0x0000008a9d100000)]
  0x000001c9c29dbbc0 JavaThread "C1 CompilerThread2" daemon [_thread_blocked, id=58580, stack(0x0000008a9d400000,0x0000008a9d500000)]
  0x000001c9dd60ca30 JavaThread "Daemon health stats" [_thread_blocked, id=54492, stack(0x0000008a9dc00000,0x0000008a9dd00000)]
  0x000001c9dd603040 JavaThread "Incoming local TCP Connector on port 49673" [_thread_in_native, id=19060, stack(0x0000008a9dd00000,0x0000008a9de00000)]
  0x000001c9dd5b74f0 JavaThread "Daemon periodic checks" [_thread_blocked, id=18976, stack(0x0000008a9de00000,0x0000008a9df00000)]
  0x000001c9dcad56a0 JavaThread "Daemon" [_thread_blocked, id=34804, stack(0x0000008a9df00000,0x0000008a9e000000)]
  0x000001c9dcad3840 JavaThread "Handler for socket connection from /127.0.0.1:49673 to /127.0.0.1:49674" [_thread_in_native, id=56828, stack(0x0000008a9e000000,0x0000008a9e100000)]
  0x000001c9dcad4c80 JavaThread "Cancel handler" [_thread_blocked, id=28084, stack(0x0000008a9e100000,0x0000008a9e200000)]
  0x000001c9dcad5bb0 JavaThread "Daemon worker" [_thread_in_vm, id=15004, stack(0x0000008a9e200000,0x0000008a9e300000)]
  0x000001c9dcad2400 JavaThread "Asynchronous log dispatcher for DefaultDaemonConnection: socket connection from /127.0.0.1:49673 to /127.0.0.1:49674" [_thread_blocked, id=35992, stack(0x0000008a9e300000,0x0000008a9e400000)]
  0x000001c9dcad2e20 JavaThread "Stdin handler" [_thread_blocked, id=34148, stack(0x0000008a9e400000,0x0000008a9e500000)]
  0x000001c9dcad3d50 JavaThread "Daemon client event forwarder" [_thread_blocked, id=36284, stack(0x0000008a9e500000,0x0000008a9e600000)]
  0x000001c9dcad3330 JavaThread "Cache worker for journal cache (C:\Users\anura\.gradle\caches\journal-1)" [_thread_blocked, id=37920, stack(0x0000008a9db00000,0x0000008a9dc00000)]
  0x000001c9dcad4260 JavaThread "File lock request listener" [_thread_in_native, id=32592, stack(0x0000008a9e600000,0x0000008a9e700000)]
  0x000001c9dcad4770 JavaThread "Cache worker for file hash cache (C:\Users\anura\.gradle\caches\8.14.3\fileHashes)" [_thread_blocked, id=59988, stack(0x0000008a9e700000,0x0000008a9e800000)]
  0x000001c9dcad2910 JavaThread "Cache worker for file hash cache (C:\Users\anura\OneDrive\Desktop\sudburry_main_service\Sudburry-Java-Service\.gradle\8.14.3\fileHashes)" [_thread_blocked, id=53432, stack(0x0000008a9ea00000,0x0000008a9eb00000)]
  0x000001c9de9c8cb0 JavaThread "Cache worker for Build Output Cleanup Cache (C:\Users\anura\OneDrive\Desktop\sudburry_main_service\Sudburry-Java-Service\.gradle\buildOutputCleanup)" [_thread_blocked, id=55340, stack(0x0000008a9eb00000,0x0000008a9ec00000)]
  0x000001c9de9c5f20 JavaThread "File watcher server" daemon [_thread_in_native, id=31224, stack(0x0000008a9f500000,0x0000008a9f600000)]
  0x000001c9de9c87a0 JavaThread "File watcher consumer" daemon [_thread_blocked, id=7052, stack(0x0000008a9f600000,0x0000008a9f700000)]
  0x000001c9de9c8290 JavaThread "jar transforms" [_thread_blocked, id=56052, stack(0x0000008a9f700000,0x0000008a9f800000)]
  0x000001c9de9c91c0 JavaThread "jar transforms Thread 2" [_thread_blocked, id=50960, stack(0x0000008a9f800000,0x0000008a9f900000)]
  0x000001c9de9c5a10 JavaThread "jar transforms Thread 3" [_thread_blocked, id=41924, stack(0x0000008a9f900000,0x0000008a9fa00000)]
  0x000001c9de9c96d0 JavaThread "jar transforms Thread 4" [_thread_blocked, id=57844, stack(0x0000008a9fa00000,0x0000008a9fb00000)]
  0x000001c9de9c9be0 JavaThread "jar transforms Thread 5" [_thread_blocked, id=35036, stack(0x0000008a9fb00000,0x0000008a9fc00000)]
  0x000001c9de9c6430 JavaThread "jar transforms Thread 6" [_thread_blocked, id=21116, stack(0x0000008a9fc00000,0x0000008a9fd00000)]
  0x000001c9de9ca0f0 JavaThread "jar transforms Thread 7" [_thread_blocked, id=57188, stack(0x0000008a9fd00000,0x0000008a9fe00000)]
  0x000001c9de9c7d80 JavaThread "jar transforms Thread 8" [_thread_blocked, id=37648, stack(0x0000008a9fe00000,0x0000008a9ff00000)]
  0x000001c9de9c6940 JavaThread "jar transforms Thread 9" [_thread_blocked, id=28864, stack(0x0000008a9ff00000,0x0000008aa0000000)]
  0x000001c9de9ca600 JavaThread "jar transforms Thread 10" [_thread_blocked, id=50016, stack(0x0000008aa0000000,0x0000008aa0100000)]
  0x000001c9de9c6e50 JavaThread "jar transforms Thread 11" [_thread_blocked, id=4984, stack(0x0000008aa0100000,0x0000008aa0200000)]
  0x000001c9de9cab10 JavaThread "jar transforms Thread 12" [_thread_blocked, id=24000, stack(0x0000008aa0200000,0x0000008aa0300000)]
  0x000001c9de9c7360 JavaThread "jar transforms Thread 13" [_thread_blocked, id=54624, stack(0x0000008aa0300000,0x0000008aa0400000)]
  0x000001c9de9cb020 JavaThread "jar transforms Thread 14" [_thread_blocked, id=56092, stack(0x0000008aa0400000,0x0000008aa0500000)]
  0x000001c9de9c7870 JavaThread "jar transforms Thread 15" [_thread_blocked, id=47096, stack(0x0000008aa0500000,0x0000008aa0600000)]
  0x000001c9de9cb530 JavaThread "jar transforms Thread 16" [_thread_blocked, id=1256, stack(0x0000008aa0600000,0x0000008aa0700000)]
  0x000001c9de9cc460 JavaThread "Cache worker for checksums cache (C:\Users\anura\OneDrive\Desktop\sudburry_main_service\Sudburry-Java-Service\.gradle\8.14.3\checksums)" [_thread_blocked, id=61388, stack(0x0000008aa0a00000,0x0000008aa0b00000)]
  0x000001c9de9cc970 JavaThread "Cache worker for file content cache (C:\Users\anura\.gradle\caches\8.14.3\fileContent)" [_thread_blocked, id=49316, stack(0x0000008aa0b00000,0x0000008aa0c00000)]
  0x000001c9de9cd390 JavaThread "Cache worker for cache directory md-supplier (C:\Users\anura\.gradle\caches\8.14.3\md-supplier)" [_thread_blocked, id=60748, stack(0x0000008aa0c00000,0x0000008aa0d00000)]
  0x000001c9e1838810 JavaThread "Cache worker for cache directory md-rule (C:\Users\anura\.gradle\caches\8.14.3\md-rule)" [_thread_blocked, id=64228, stack(0x0000008aa0d00000,0x0000008aa0e00000)]
  0x000001c9e18364a0 JavaThread "Unconstrained build operations" [_thread_blocked, id=53568, stack(0x0000008aa0e00000,0x0000008aa0f00000)]
  0x000001c9e1835060 JavaThread "Unconstrained build operations Thread 2" [_thread_blocked, id=41628, stack(0x0000008aa0f00000,0x0000008aa1000000)]
  0x000001c9e1836ec0 JavaThread "Unconstrained build operations Thread 3" [_thread_blocked, id=33744, stack(0x0000008aa1000000,0x0000008aa1100000)]
  0x000001c9e1838d20 JavaThread "Unconstrained build operations Thread 4" [_thread_blocked, id=240, stack(0x0000008aa1100000,0x0000008aa1200000)]
  0x000001c9e1835f90 JavaThread "Unconstrained build operations Thread 5" [_thread_blocked, id=40848, stack(0x0000008aa1200000,0x0000008aa1300000)]
  0x000001c9e1838300 JavaThread "Unconstrained build operations Thread 6" [_thread_blocked, id=18944, stack(0x0000008aa1300000,0x0000008aa1400000)]
  0x000001c9e18373d0 JavaThread "Unconstrained build operations Thread 7" [_thread_blocked, id=39096, stack(0x0000008aa1400000,0x0000008aa1500000)]
  0x000001c9e18378e0 JavaThread "Unconstrained build operations Thread 8" [_thread_blocked, id=40208, stack(0x0000008aa1500000,0x0000008aa1600000)]
  0x000001c9e1837df0 JavaThread "Unconstrained build operations Thread 9" [_thread_blocked, id=58048, stack(0x0000008aa1600000,0x0000008aa1700000)]
  0x000001c9e1835570 JavaThread "Unconstrained build operations Thread 10" [_thread_blocked, id=43440, stack(0x0000008aa1700000,0x0000008aa1800000)]
  0x000001c9e1839230 JavaThread "Unconstrained build operations Thread 11" [_thread_blocked, id=57984, stack(0x0000008aa1800000,0x0000008aa1900000)]
  0x000001c9e1835a80 JavaThread "Unconstrained build operations Thread 12" [_thread_blocked, id=8104, stack(0x0000008aa1900000,0x0000008aa1a00000)]
  0x000001c9e1839740 JavaThread "Unconstrained build operations Thread 13" [_thread_blocked, id=41504, stack(0x0000008aa1a00000,0x0000008aa1b00000)]
  0x000001c9e183bab0 JavaThread "Unconstrained build operations Thread 14" [_thread_blocked, id=42740, stack(0x0000008aa1b00000,0x0000008aa1c00000)]
  0x000001c9e183bfc0 JavaThread "Unconstrained build operations Thread 15" [_thread_blocked, id=39276, stack(0x0000008aa1c00000,0x0000008aa1d00000)]
  0x000001c9e183b090 JavaThread "Unconstrained build operations Thread 16" [_thread_blocked, id=43568, stack(0x0000008aa1d00000,0x0000008aa1e00000)]
  0x000001c9e1839c50 JavaThread "Unconstrained build operations Thread 17" [_thread_blocked, id=42860, stack(0x0000008aa1e00000,0x0000008aa1f00000)]
  0x000001c9e183c4d0 JavaThread "Unconstrained build operations Thread 18" [_thread_blocked, id=45032, stack(0x0000008aa1f00000,0x0000008aa2000000)]
  0x000001c9e183c9e0 JavaThread "Unconstrained build operations Thread 19" [_thread_blocked, id=54968, stack(0x0000008aa2000000,0x0000008aa2100000)]
  0x000001c9dfd44030 JavaThread "C2 CompilerThread1" daemon [_thread_in_native, id=13424, stack(0x0000008a9e800000,0x0000008a9e900000)]
=>0x000001c9dfd47ff0 JavaThread "C2 CompilerThread2" daemon [_thread_in_native, id=11124, stack(0x0000008aa0900000,0x0000008aa0a00000)]

Other Threads:
  0x000001c9c25c42b0 VMThread "VM Thread" [stack: 0x0000008a9c600000,0x0000008a9c700000] [id=19544]
  0x000001c9a5291d10 WatcherThread [stack: 0x0000008a9d300000,0x0000008a9d400000] [id=12128]
  0x000001c9a523b120 GCTaskThread "GC Thread#0" [stack: 0x0000008a9c100000,0x0000008a9c200000] [id=34856]
  0x000001c9c29cf4e0 GCTaskThread "GC Thread#1" [stack: 0x0000008a9d500000,0x0000008a9d600000] [id=36068]
  0x000001c9dc570c70 GCTaskThread "GC Thread#2" [stack: 0x0000008a9d600000,0x0000008a9d700000] [id=32820]
  0x000001c9dc08b270 GCTaskThread "GC Thread#3" [stack: 0x0000008a9d700000,0x0000008a9d800000] [id=46604]
  0x000001c9c2a12170 GCTaskThread "GC Thread#4" [stack: 0x0000008a9d800000,0x0000008a9d900000] [id=22924]
  0x000001c9c2a16850 GCTaskThread "GC Thread#5" [stack: 0x0000008a9d900000,0x0000008a9da00000] [id=57424]
  0x000001c9def09320 GCTaskThread "GC Thread#6" [stack: 0x0000008a9ec00000,0x0000008a9ed00000] [id=51244]
  0x000001c9def09e20 GCTaskThread "GC Thread#7" [stack: 0x0000008a9ed00000,0x0000008a9ee00000] [id=41920]
  0x000001c9def095e0 GCTaskThread "GC Thread#8" [stack: 0x0000008a9ee00000,0x0000008a9ef00000] [id=48740]
  0x000001c9def0abe0 GCTaskThread "GC Thread#9" [stack: 0x0000008a9ef00000,0x0000008a9f000000] [id=43052]
  0x000001c9def09060 GCTaskThread "GC Thread#10" [stack: 0x0000008a9f000000,0x0000008a9f100000] [id=55324]
  0x000001c9def0a3a0 GCTaskThread "GC Thread#11" [stack: 0x0000008a9f100000,0x0000008a9f200000] [id=41480]
  0x000001c9def098a0 GCTaskThread "GC Thread#12" [stack: 0x0000008a9f200000,0x0000008a9f300000] [id=15264]
  0x000001c9a523ff80 ConcurrentGCThread "G1 Main Marker" [stack: 0x0000008a9c200000,0x0000008a9c300000] [id=51276]
  0x000001c9a52452d0 ConcurrentGCThread "G1 Conc#0" [stack: 0x0000008a9c300000,0x0000008a9c400000] [id=42664]
  0x000001c9def09b60 ConcurrentGCThread "G1 Conc#1" [stack: 0x0000008a9f300000,0x0000008a9f400000] [id=12180]
  0x000001c9def0a0e0 ConcurrentGCThread "G1 Conc#2" [stack: 0x0000008a9f400000,0x0000008a9f500000] [id=28140]
  0x000001c9a52be910 ConcurrentGCThread "G1 Refine#0" [stack: 0x0000008a9c400000,0x0000008a9c500000] [id=62944]
  0x000001c9c29a4230 ConcurrentGCThread "G1 Refine#1" [stack: 0x0000008a9e900000,0x0000008a9ea00000] [id=47972]
  0x000001c9c29a50e0 ConcurrentGCThread "G1 Refine#2" [stack: 0x0000008aa0700000,0x0000008aa0800000] [id=64248]
  0x000001c9c29a7cf0 ConcurrentGCThread "G1 Refine#3" [stack: 0x0000008aa0800000,0x0000008aa0900000] [id=44116]
  0x000001c9c246d5c0 ConcurrentGCThread "G1 Service" [stack: 0x0000008a9c500000,0x0000008a9c600000] [id=44000]

Threads with active compile tasks:
C2 CompilerThread0    27791 8995   !   4       java.lang.reflect.Executable::declaredAnnotations (85 bytes)
C2 CompilerThread1    27791 9015       4       java.lang.reflect.Method::getAnnotation (6 bytes)
C2 CompilerThread2    27791 9075       4       java.lang.Class::privateGetPublicMethods (224 bytes)

VM state: not at safepoint (normal execution)

VM Mutex/Monitor currently owned by a thread: None

Heap address: 0x00000000e0000000, size: 512 MB, Compressed Oops mode: 32-bit

CDS archive(s) mapped at: [0x000001c9c3000000-0x000001c9c3bd0000-0x000001c9c3bd0000), size 12386304, SharedBaseAddress: 0x000001c9c3000000, ArchiveRelocationMode: 1.
Compressed class space mapped at: 0x000001c9c4000000-0x000001c9d8000000, reserved size: 335544320
Narrow klass base: 0x000001c9c3000000, Narrow klass shift: 0, Narrow klass range: 0x100000000

GC Precious Log:
 CPUs: 16 total, 16 available
 Memory: 15654M
 Large Page Support: Disabled
 NUMA Support: Disabled
 Compressed Oops: Enabled (32-bit)
 Heap Region Size: 1M
 Heap Min Capacity: 256M
 Heap Initial Capacity: 256M
 Heap Max Capacity: 512M
 Pre-touch: Disabled
 Parallel Workers: 13
 Concurrent Workers: 3
 Concurrent Refinement Workers: 13
 Periodic GC: Disabled

Heap:
 garbage-first heap   total 262144K, used 164841K [0x00000000e0000000, 0x0000000100000000)
  region size 1024K, 67 young (68608K), 11 survivors (11264K)
 Metaspace       used 106253K, committed 107072K, reserved 458752K
  class space    used 13851K, committed 14208K, reserved 327680K

Heap Regions: E=young(eden), S=young(survivor), O=old, HS=humongous(starts), HC=humongous(continues), CS=collection set, F=free, OA=open archive, CA=closed archive, TAMS=top-at-mark-start (previous, next)
|   0|0x00000000e0000000, 0x00000000e0100000, 0x00000000e0100000|100%|HS|  |TAMS 0x00000000e0100000, 0x00000000e0000000| Complete 
|   1|0x00000000e0100000, 0x00000000e0200000, 0x00000000e0200000|100%|HC|  |TAMS 0x00000000e0200000, 0x00000000e0100000| Complete 
|   2|0x00000000e0200000, 0x00000000e0300000, 0x00000000e0300000|100%|HC|  |TAMS 0x00000000e0300000, 0x00000000e0200000| Complete 
|   3|0x00000000e0300000, 0x00000000e0400000, 0x00000000e0400000|100%| O|  |TAMS 0x00000000e0400000, 0x00000000e0300000| Untracked 
|   4|0x00000000e0400000, 0x00000000e0500000, 0x00000000e0500000|100%| O|  |TAMS 0x00000000e0500000, 0x00000000e0400000| Untracked 
|   5|0x00000000e0500000, 0x00000000e0600000, 0x00000000e0600000|100%| O|  |TAMS 0x00000000e0600000, 0x00000000e0500000| Untracked 
|   6|0x00000000e0600000, 0x00000000e0700000, 0x00000000e0700000|100%|HS|  |TAMS 0x00000000e0700000, 0x00000000e0600000| Complete 
|   7|0x00000000e0700000, 0x00000000e0800000, 0x00000000e0800000|100%| O|  |TAMS 0x00000000e0800000, 0x00000000e0700000| Untracked 
|   8|0x00000000e0800000, 0x00000000e0900000, 0x00000000e0900000|100%| O|  |TAMS 0x00000000e0900000, 0x00000000e0800000| Untracked 
|   9|0x00000000e0900000, 0x00000000e0a00000, 0x00000000e0a00000|100%| O|  |TAMS 0x00000000e0a00000, 0x00000000e0900000| Untracked 
|  10|0x00000000e0a00000, 0x00000000e0b00000, 0x00000000e0b00000|100%| O|  |TAMS 0x00000000e0b00000, 0x00000000e0a00000| Untracked 
|  11|0x00000000e0b00000, 0x00000000e0c00000, 0x00000000e0c00000|100%| O|  |TAMS 0x00000000e0c00000, 0x00000000e0b00000| Untracked 
|  12|0x00000000e0c00000, 0x00000000e0d00000, 0x00000000e0d00000|100%| O|  |TAMS 0x00000000e0d00000, 0x00000000e0c00000| Untracked 
|  13|0x00000000e0d00000, 0x00000000e0e00000, 0x00000000e0e00000|100%|HS|  |TAMS 0x00000000e0e00000, 0x00000000e0d00000| Complete 
|  14|0x00000000e0e00000, 0x00000000e0f00000, 0x00000000e0f00000|100%|HC|  |TAMS 0x00000000e0f00000, 0x00000000e0e00000| Complete 
|  15|0x00000000e0f00000, 0x00000000e1000000, 0x00000000e1000000|100%|HS|  |TAMS 0x00000000e1000000, 0x00000000e0f00000| Complete 
|  16|0x00000000e1000000, 0x00000000e1100000, 0x00000000e1100000|100%|HC|  |TAMS 0x00000000e1100000, 0x00000000e1000000| Complete 
|  17|0x00000000e1100000, 0x00000000e1200000, 0x00000000e1200000|100%|HC|  |TAMS 0x00000000e1200000, 0x00000000e1100000| Complete 
|  18|0x00000000e1200000, 0x00000000e1300000, 0x00000000e1300000|100%|HS|  |TAMS 0x00000000e1300000, 0x00000000e1200000| Complete 
|  19|0x00000000e1300000, 0x00000000e1400000, 0x00000000e1400000|100%|HC|  |TAMS 0x00000000e1400000, 0x00000000e1300000| Complete 
|  20|0x00000000e1400000, 0x00000000e1500000, 0x00000000e1500000|100%|HC|  |TAMS 0x00000000e1500000, 0x00000000e1400000| Complete 
|  21|0x00000000e1500000, 0x00000000e1600000, 0x00000000e1600000|100%|HS|  |TAMS 0x00000000e1600000, 0x00000000e1500000| Complete 
|  22|0x00000000e1600000, 0x00000000e1700000, 0x00000000e1700000|100%|HC|  |TAMS 0x00000000e1700000, 0x00000000e1600000| Complete 
|  23|0x00000000e1700000, 0x00000000e1800000, 0x00000000e1800000|100%|HC|  |TAMS 0x00000000e1800000, 0x00000000e1700000| Complete 
|  24|0x00000000e1800000, 0x00000000e1900000, 0x00000000e1900000|100%|HS|  |TAMS 0x00000000e1900000, 0x00000000e1800000| Complete 
|  25|0x00000000e1900000, 0x00000000e1a00000, 0x00000000e1a00000|100%|HC|  |TAMS 0x00000000e1a00000, 0x00000000e1900000| Complete 
|  26|0x00000000e1a00000, 0x00000000e1b00000, 0x00000000e1b00000|100%|HC|  |TAMS 0x00000000e1b00000, 0x00000000e1a00000| Complete 
|  27|0x00000000e1b00000, 0x00000000e1c00000, 0x00000000e1c00000|100%| O|  |TAMS 0x00000000e1c00000, 0x00000000e1b00000| Untracked 
|  28|0x00000000e1c00000, 0x00000000e1d00000, 0x00000000e1d00000|100%| O|  |TAMS 0x00000000e1d00000, 0x00000000e1c00000| Untracked 
|  29|0x00000000e1d00000, 0x00000000e1e00000, 0x00000000e1e00000|100%| O|  |TAMS 0x00000000e1e00000, 0x00000000e1d00000| Untracked 
|  30|0x00000000e1e00000, 0x00000000e1f00000, 0x00000000e1f00000|100%| O|  |TAMS 0x00000000e1f00000, 0x00000000e1e00000| Untracked 
|  31|0x00000000e1f00000, 0x00000000e2000000, 0x00000000e2000000|100%| O|  |TAMS 0x00000000e2000000, 0x00000000e1f00000| Untracked 
|  32|0x00000000e2000000, 0x00000000e2100000, 0x00000000e2100000|100%|HS|  |TAMS 0x00000000e2100000, 0x00000000e2000000| Complete 
|  33|0x00000000e2100000, 0x00000000e2200000, 0x00000000e2200000|100%|HC|  |TAMS 0x00000000e2200000, 0x00000000e2100000| Complete 
|  34|0x00000000e2200000, 0x00000000e2300000, 0x00000000e2300000|100%|HC|  |TAMS 0x00000000e2300000, 0x00000000e2200000| Complete 
|  35|0x00000000e2300000, 0x00000000e2400000, 0x00000000e2400000|100%|HS|  |TAMS 0x00000000e2400000, 0x00000000e2300000| Complete 
|  36|0x00000000e2400000, 0x00000000e2500000, 0x00000000e2500000|100%|HC|  |TAMS 0x00000000e2500000, 0x00000000e2400000| Complete 
|  37|0x00000000e2500000, 0x00000000e2600000, 0x00000000e2600000|100%|HC|  |TAMS 0x00000000e2600000, 0x00000000e2500000| Complete 
|  38|0x00000000e2600000, 0x00000000e2700000, 0x00000000e2700000|100%| O|  |TAMS 0x00000000e2700000, 0x00000000e2600000| Untracked 
|  39|0x00000000e2700000, 0x00000000e2800000, 0x00000000e2800000|100%| O|  |TAMS 0x00000000e2800000, 0x00000000e2700000| Untracked 
|  40|0x00000000e2800000, 0x00000000e2900000, 0x00000000e2900000|100%| O|  |TAMS 0x00000000e2900000, 0x00000000e2800000| Untracked 
|  41|0x00000000e2900000, 0x00000000e2a00000, 0x00000000e2a00000|100%| O|  |TAMS 0x00000000e2a00000, 0x00000000e2900000| Untracked 
|  42|0x00000000e2a00000, 0x00000000e2b00000, 0x00000000e2b00000|100%| O|  |TAMS 0x00000000e2b00000, 0x00000000e2a00000| Untracked 
|  43|0x00000000e2b00000, 0x00000000e2c00000, 0x00000000e2c00000|100%| O|  |TAMS 0x00000000e2c00000, 0x00000000e2b00000| Untracked 
|  44|0x00000000e2c00000, 0x00000000e2d00000, 0x00000000e2d00000|100%| O|  |TAMS 0x00000000e2d00000, 0x00000000e2c00000| Untracked 
|  45|0x00000000e2d00000, 0x00000000e2e00000, 0x00000000e2e00000|100%| O|  |TAMS 0x00000000e2e00000, 0x00000000e2d00000| Untracked 
|  46|0x00000000e2e00000, 0x00000000e2f00000, 0x00000000e2f00000|100%| O|  |TAMS 0x00000000e2f00000, 0x00000000e2e00000| Untracked 
|  47|0x00000000e2f00000, 0x00000000e3000000, 0x00000000e3000000|100%| O|  |TAMS 0x00000000e3000000, 0x00000000e2f00000| Untracked 
|  48|0x00000000e3000000, 0x00000000e3100000, 0x00000000e3100000|100%| O|  |TAMS 0x00000000e3100000, 0x00000000e3000000| Untracked 
|  49|0x00000000e3100000, 0x00000000e3200000, 0x00000000e3200000|100%| O|  |TAMS 0x00000000e3200000, 0x00000000e3100000| Untracked 
|  50|0x00000000e3200000, 0x00000000e3300000, 0x00000000e3300000|100%| O|  |TAMS 0x00000000e3300000, 0x00000000e3200000| Untracked 
|  51|0x00000000e3300000, 0x00000000e3400000, 0x00000000e3400000|100%| O|  |TAMS 0x00000000e3400000, 0x00000000e3300000| Untracked 
|  52|0x00000000e3400000, 0x00000000e3500000, 0x00000000e3500000|100%| O|  |TAMS 0x00000000e3500000, 0x00000000e3400000| Untracked 
|  53|0x00000000e3500000, 0x00000000e3600000, 0x00000000e3600000|100%| O|  |TAMS 0x00000000e3600000, 0x00000000e3500000| Untracked 
|  54|0x00000000e3600000, 0x00000000e3700000, 0x00000000e3700000|100%| O|  |TAMS 0x00000000e3700000, 0x00000000e3600000| Untracked 
|  55|0x00000000e3700000, 0x00000000e3800000, 0x00000000e3800000|100%| O|  |TAMS 0x00000000e3800000, 0x00000000e3700000| Untracked 
|  56|0x00000000e3800000, 0x00000000e3900000, 0x00000000e3900000|100%| O|  |TAMS 0x00000000e3900000, 0x00000000e3800000| Untracked 
|  57|0x00000000e3900000, 0x00000000e3a00000, 0x00000000e3a00000|100%| O|  |TAMS 0x00000000e3a00000, 0x00000000e3900000| Untracked 
|  58|0x00000000e3a00000, 0x00000000e3b00000, 0x00000000e3b00000|100%| O|  |TAMS 0x00000000e3b00000, 0x00000000e3a00000| Untracked 
|  59|0x00000000e3b00000, 0x00000000e3c00000, 0x00000000e3c00000|100%| O|  |TAMS 0x00000000e3c00000, 0x00000000e3b00000| Untracked 
|  60|0x00000000e3c00000, 0x00000000e3d00000, 0x00000000e3d00000|100%| O|  |TAMS 0x00000000e3d00000, 0x00000000e3c00000| Untracked 
|  61|0x00000000e3d00000, 0x00000000e3e00000, 0x00000000e3e00000|100%| O|  |TAMS 0x00000000e3e00000, 0x00000000e3d00000| Untracked 
|  62|0x00000000e3e00000, 0x00000000e3f00000, 0x00000000e3f00000|100%| O|  |TAMS 0x00000000e3f00000, 0x00000000e3e00000| Complete 
|  63|0x00000000e3f00000, 0x00000000e4000000, 0x00000000e4000000|100%| O|  |TAMS 0x00000000e4000000, 0x00000000e3f00000| Untracked 
|  64|0x00000000e4000000, 0x00000000e4100000, 0x00000000e4100000|100%| O|  |TAMS 0x00000000e4100000, 0x00000000e4000000| Untracked 
|  65|0x00000000e4100000, 0x00000000e4200000, 0x00000000e4200000|100%| O|  |TAMS 0x00000000e4200000, 0x00000000e4100000| Untracked 
|  66|0x00000000e4200000, 0x00000000e4300000, 0x00000000e4300000|100%| O|  |TAMS 0x00000000e4300000, 0x00000000e4200000| Untracked 
|  67|0x00000000e4300000, 0x00000000e4400000, 0x00000000e4400000|100%| O|  |TAMS 0x00000000e4400000, 0x00000000e4300000| Untracked 
|  68|0x00000000e4400000, 0x00000000e4500000, 0x00000000e4500000|100%| O|  |TAMS 0x00000000e4500000, 0x00000000e4400000| Untracked 
|  69|0x00000000e4500000, 0x00000000e4600000, 0x00000000e4600000|100%| O|  |TAMS 0x00000000e4600000, 0x00000000e4500000| Untracked 
|  70|0x00000000e4600000, 0x00000000e4700000, 0x00000000e4700000|100%| O|  |TAMS 0x00000000e4700000, 0x00000000e4600000| Untracked 
|  71|0x00000000e4700000, 0x00000000e4700000, 0x00000000e4800000|  0%| F|  |TAMS 0x00000000e4700000, 0x00000000e4700000| Untracked 
|  72|0x00000000e4800000, 0x00000000e4900000, 0x00000000e4900000|100%|HS|  |TAMS 0x00000000e4900000, 0x00000000e4800000| Complete 
|  73|0x00000000e4900000, 0x00000000e4a00000, 0x00000000e4a00000|100%|HC|  |TAMS 0x00000000e4a00000, 0x00000000e4900000| Complete 
|  74|0x00000000e4a00000, 0x00000000e4b00000, 0x00000000e4b00000|100%|HC|  |TAMS 0x00000000e4b00000, 0x00000000e4a00000| Complete 
|  75|0x00000000e4b00000, 0x00000000e4c00000, 0x00000000e4c00000|100%|HC|  |TAMS 0x00000000e4c00000, 0x00000000e4b00000| Complete 
|  76|0x00000000e4c00000, 0x00000000e4d00000, 0x00000000e4d00000|100%|HC|  |TAMS 0x00000000e4d00000, 0x00000000e4c00000| Complete 
|  77|0x00000000e4d00000, 0x00000000e4e00000, 0x00000000e4e00000|100%|HC|  |TAMS 0x00000000e4e00000, 0x00000000e4d00000| Complete 
|  78|0x00000000e4e00000, 0x00000000e4f00000, 0x00000000e4f00000|100%|HS|  |TAMS 0x00000000e4f00000, 0x00000000e4e00000| Complete 
|  79|0x00000000e4f00000, 0x00000000e5000000, 0x00000000e5000000|100%| O|  |TAMS 0x00000000e5000000, 0x00000000e4f00000| Untracked 
|  80|0x00000000e5000000, 0x00000000e5100000, 0x00000000e5100000|100%| O|  |TAMS 0x00000000e5100000, 0x00000000e5000000| Untracked 
|  81|0x00000000e5100000, 0x00000000e5200000, 0x00000000e5200000|100%| O|  |TAMS 0x00000000e5200000, 0x00000000e5100000| Untracked 
|  82|0x00000000e5200000, 0x00000000e5300000, 0x00000000e5300000|100%| O|  |TAMS 0x00000000e5300000, 0x00000000e5200000| Untracked 
|  83|0x00000000e5300000, 0x00000000e5400000, 0x00000000e5400000|100%| O|  |TAMS 0x00000000e5400000, 0x00000000e5300000| Untracked 
|  84|0x00000000e5400000, 0x00000000e5500000, 0x00000000e5500000|100%| O|  |TAMS 0x00000000e5500000, 0x00000000e5400000| Untracked 
|  85|0x00000000e5500000, 0x00000000e5600000, 0x00000000e5600000|100%| O|  |TAMS 0x00000000e5600000, 0x00000000e5500000| Untracked 
|  86|0x00000000e5600000, 0x00000000e5700000, 0x00000000e5700000|100%| O|  |TAMS 0x00000000e5700000, 0x00000000e5600000| Untracked 
|  87|0x00000000e5700000, 0x00000000e5800000, 0x00000000e5800000|100%| O|  |TAMS 0x00000000e5800000, 0x00000000e5700000| Untracked 
|  88|0x00000000e5800000, 0x00000000e5900000, 0x00000000e5900000|100%| O|  |TAMS 0x00000000e5900000, 0x00000000e5800000| Untracked 
|  89|0x00000000e5900000, 0x00000000e5a00000, 0x00000000e5a00000|100%| O|  |TAMS 0x00000000e5a00000, 0x00000000e5900000| Untracked 
|  90|0x00000000e5a00000, 0x00000000e5b00000, 0x00000000e5b00000|100%| O|  |TAMS 0x00000000e5b00000, 0x00000000e5a00000| Untracked 
|  91|0x00000000e5b00000, 0x00000000e5c00000, 0x00000000e5c00000|100%| O|  |TAMS 0x00000000e5c00000, 0x00000000e5b00000| Untracked 
|  92|0x00000000e5c00000, 0x00000000e5d00000, 0x00000000e5d00000|100%| O|  |TAMS 0x00000000e5d00000, 0x00000000e5c00000| Untracked 
|  93|0x00000000e5d00000, 0x00000000e5e00000, 0x00000000e5e00000|100%| O|  |TAMS 0x00000000e5e00000, 0x00000000e5d00000| Untracked 
|  94|0x00000000e5e00000, 0x00000000e5f00000, 0x00000000e5f00000|100%| O|  |TAMS 0x00000000e5f00000, 0x00000000e5e00000| Untracked 
|  95|0x00000000e5f00000, 0x00000000e6000000, 0x00000000e6000000|100%| O|  |TAMS 0x00000000e6000000, 0x00000000e5f00000| Untracked 
|  96|0x00000000e6000000, 0x00000000e60e1800, 0x00000000e6100000| 88%| O|  |TAMS 0x00000000e60e1800, 0x00000000e6000000| Untracked 
|  97|0x00000000e6100000, 0x00000000e6100000, 0x00000000e6200000|  0%| F|  |TAMS 0x00000000e6100000, 0x00000000e6100000| Untracked 
|  98|0x00000000e6200000, 0x00000000e6200000, 0x00000000e6300000|  0%| F|  |TAMS 0x00000000e6200000, 0x00000000e6200000| Untracked 
|  99|0x00000000e6300000, 0x00000000e6300000, 0x00000000e6400000|  0%| F|  |TAMS 0x00000000e6300000, 0x00000000e6300000| Untracked 
| 100|0x00000000e6400000, 0x00000000e6400000, 0x00000000e6500000|  0%| F|  |TAMS 0x00000000e6400000, 0x00000000e6400000| Untracked 
| 101|0x00000000e6500000, 0x00000000e6500000, 0x00000000e6600000|  0%| F|  |TAMS 0x00000000e6500000, 0x00000000e6500000| Untracked 
| 102|0x00000000e6600000, 0x00000000e6600000, 0x00000000e6700000|  0%| F|  |TAMS 0x00000000e6600000, 0x00000000e6600000| Untracked 
| 103|0x00000000e6700000, 0x00000000e6700000, 0x00000000e6800000|  0%| F|  |TAMS 0x00000000e6700000, 0x00000000e6700000| Untracked 
| 104|0x00000000e6800000, 0x00000000e6800000, 0x00000000e6900000|  0%| F|  |TAMS 0x00000000e6800000, 0x00000000e6800000| Untracked 
| 105|0x00000000e6900000, 0x00000000e6900000, 0x00000000e6a00000|  0%| F|  |TAMS 0x00000000e6900000, 0x00000000e6900000| Untracked 
| 106|0x00000000e6a00000, 0x00000000e6a00000, 0x00000000e6b00000|  0%| F|  |TAMS 0x00000000e6a00000, 0x00000000e6a00000| Untracked 
| 107|0x00000000e6b00000, 0x00000000e6b00000, 0x00000000e6c00000|  0%| F|  |TAMS 0x00000000e6b00000, 0x00000000e6b00000| Untracked 
| 108|0x00000000e6c00000, 0x00000000e6c00000, 0x00000000e6d00000|  0%| F|  |TAMS 0x00000000e6c00000, 0x00000000e6c00000| Untracked 
| 109|0x00000000e6d00000, 0x00000000e6d00000, 0x00000000e6e00000|  0%| F|  |TAMS 0x00000000e6d00000, 0x00000000e6d00000| Untracked 
| 110|0x00000000e6e00000, 0x00000000e6e00000, 0x00000000e6f00000|  0%| F|  |TAMS 0x00000000e6e00000, 0x00000000e6e00000| Untracked 
| 111|0x00000000e6f00000, 0x00000000e6f00000, 0x00000000e7000000|  0%| F|  |TAMS 0x00000000e6f00000, 0x00000000e6f00000| Untracked 
| 112|0x00000000e7000000, 0x00000000e7000000, 0x00000000e7100000|  0%| F|  |TAMS 0x00000000e7000000, 0x00000000e7000000| Untracked 
| 113|0x00000000e7100000, 0x00000000e7100000, 0x00000000e7200000|  0%| F|  |TAMS 0x00000000e7100000, 0x00000000e7100000| Untracked 
| 114|0x00000000e7200000, 0x00000000e7200000, 0x00000000e7300000|  0%| F|  |TAMS 0x00000000e7200000, 0x00000000e7200000| Untracked 
| 115|0x00000000e7300000, 0x00000000e7300000, 0x00000000e7400000|  0%| F|  |TAMS 0x00000000e7300000, 0x00000000e7300000| Untracked 
| 116|0x00000000e7400000, 0x00000000e7400000, 0x00000000e7500000|  0%| F|  |TAMS 0x00000000e7400000, 0x00000000e7400000| Untracked 
| 117|0x00000000e7500000, 0x00000000e7500000, 0x00000000e7600000|  0%| F|  |TAMS 0x00000000e7500000, 0x00000000e7500000| Untracked 
| 118|0x00000000e7600000, 0x00000000e7600000, 0x00000000e7700000|  0%| F|  |TAMS 0x00000000e7600000, 0x00000000e7600000| Untracked 
| 119|0x00000000e7700000, 0x00000000e7700000, 0x00000000e7800000|  0%| F|  |TAMS 0x00000000e7700000, 0x00000000e7700000| Untracked 
| 120|0x00000000e7800000, 0x00000000e7800000, 0x00000000e7900000|  0%| F|  |TAMS 0x00000000e7800000, 0x00000000e7800000| Untracked 
| 121|0x00000000e7900000, 0x00000000e7900000, 0x00000000e7a00000|  0%| F|  |TAMS 0x00000000e7900000, 0x00000000e7900000| Untracked 
| 122|0x00000000e7a00000, 0x00000000e7a00000, 0x00000000e7b00000|  0%| F|  |TAMS 0x00000000e7a00000, 0x00000000e7a00000| Untracked 
| 123|0x00000000e7b00000, 0x00000000e7b00000, 0x00000000e7c00000|  0%| F|  |TAMS 0x00000000e7b00000, 0x00000000e7b00000| Untracked 
| 124|0x00000000e7c00000, 0x00000000e7c00000, 0x00000000e7d00000|  0%| F|  |TAMS 0x00000000e7c00000, 0x00000000e7c00000| Untracked 
| 125|0x00000000e7d00000, 0x00000000e7d00000, 0x00000000e7e00000|  0%| F|  |TAMS 0x00000000e7d00000, 0x00000000e7d00000| Untracked 
| 126|0x00000000e7e00000, 0x00000000e7e00000, 0x00000000e7f00000|  0%| F|  |TAMS 0x00000000e7e00000, 0x00000000e7e00000| Untracked 
| 127|0x00000000e7f00000, 0x00000000e7f00000, 0x00000000e8000000|  0%| F|  |TAMS 0x00000000e7f00000, 0x00000000e7f00000| Untracked 
| 128|0x00000000e8000000, 0x00000000e8000000, 0x00000000e8100000|  0%| F|  |TAMS 0x00000000e8000000, 0x00000000e8000000| Untracked 
| 129|0x00000000e8100000, 0x00000000e8100000, 0x00000000e8200000|  0%| F|  |TAMS 0x00000000e8100000, 0x00000000e8100000| Untracked 
| 130|0x00000000e8200000, 0x00000000e8200000, 0x00000000e8300000|  0%| F|  |TAMS 0x00000000e8200000, 0x00000000e8200000| Untracked 
| 131|0x00000000e8300000, 0x00000000e8300000, 0x00000000e8400000|  0%| F|  |TAMS 0x00000000e8300000, 0x00000000e8300000| Untracked 
| 132|0x00000000e8400000, 0x00000000e8400000, 0x00000000e8500000|  0%| F|  |TAMS 0x00000000e8400000, 0x00000000e8400000| Untracked 
| 133|0x00000000e8500000, 0x00000000e8500000, 0x00000000e8600000|  0%| F|  |TAMS 0x00000000e8500000, 0x00000000e8500000| Untracked 
| 134|0x00000000e8600000, 0x00000000e8600000, 0x00000000e8700000|  0%| F|  |TAMS 0x00000000e8600000, 0x00000000e8600000| Untracked 
| 135|0x00000000e8700000, 0x00000000e8700000, 0x00000000e8800000|  0%| F|  |TAMS 0x00000000e8700000, 0x00000000e8700000| Untracked 
| 136|0x00000000e8800000, 0x00000000e8800000, 0x00000000e8900000|  0%| F|  |TAMS 0x00000000e8800000, 0x00000000e8800000| Untracked 
| 137|0x00000000e8900000, 0x00000000e8900000, 0x00000000e8a00000|  0%| F|  |TAMS 0x00000000e8900000, 0x00000000e8900000| Untracked 
| 138|0x00000000e8a00000, 0x00000000e8a00000, 0x00000000e8b00000|  0%| F|  |TAMS 0x00000000e8a00000, 0x00000000e8a00000| Untracked 
| 139|0x00000000e8b00000, 0x00000000e8b00000, 0x00000000e8c00000|  0%| F|  |TAMS 0x00000000e8b00000, 0x00000000e8b00000| Untracked 
| 140|0x00000000e8c00000, 0x00000000e8c00000, 0x00000000e8d00000|  0%| F|  |TAMS 0x00000000e8c00000, 0x00000000e8c00000| Untracked 
| 141|0x00000000e8d00000, 0x00000000e8d00000, 0x00000000e8e00000|  0%| F|  |TAMS 0x00000000e8d00000, 0x00000000e8d00000| Untracked 
| 142|0x00000000e8e00000, 0x00000000e8e00000, 0x00000000e8f00000|  0%| F|  |TAMS 0x00000000e8e00000, 0x00000000e8e00000| Untracked 
| 143|0x00000000e8f00000, 0x00000000e8f00000, 0x00000000e9000000|  0%| F|  |TAMS 0x00000000e8f00000, 0x00000000e8f00000| Untracked 
| 144|0x00000000e9000000, 0x00000000e9000000, 0x00000000e9100000|  0%| F|  |TAMS 0x00000000e9000000, 0x00000000e9000000| Untracked 
| 145|0x00000000e9100000, 0x00000000e9100000, 0x00000000e9200000|  0%| F|  |TAMS 0x00000000e9100000, 0x00000000e9100000| Untracked 
| 146|0x00000000e9200000, 0x00000000e9200000, 0x00000000e9300000|  0%| F|  |TAMS 0x00000000e9200000, 0x00000000e9200000| Untracked 
| 147|0x00000000e9300000, 0x00000000e9300000, 0x00000000e9400000|  0%| F|  |TAMS 0x00000000e9300000, 0x00000000e9300000| Untracked 
| 148|0x00000000e9400000, 0x00000000e9400000, 0x00000000e9500000|  0%| F|  |TAMS 0x00000000e9400000, 0x00000000e9400000| Untracked 
| 149|0x00000000e9500000, 0x00000000e9500000, 0x00000000e9600000|  0%| F|  |TAMS 0x00000000e9500000, 0x00000000e9500000| Untracked 
| 150|0x00000000e9600000, 0x00000000e9600000, 0x00000000e9700000|  0%| F|  |TAMS 0x00000000e9600000, 0x00000000e9600000| Untracked 
| 151|0x00000000e9700000, 0x00000000e9700000, 0x00000000e9800000|  0%| F|  |TAMS 0x00000000e9700000, 0x00000000e9700000| Untracked 
| 152|0x00000000e9800000, 0x00000000e9800000, 0x00000000e9900000|  0%| F|  |TAMS 0x00000000e9800000, 0x00000000e9800000| Untracked 
| 153|0x00000000e9900000, 0x00000000e9900000, 0x00000000e9a00000|  0%| F|  |TAMS 0x00000000e9900000, 0x00000000e9900000| Untracked 
| 154|0x00000000e9a00000, 0x00000000e9a00000, 0x00000000e9b00000|  0%| F|  |TAMS 0x00000000e9a00000, 0x00000000e9a00000| Untracked 
| 155|0x00000000e9b00000, 0x00000000e9b00000, 0x00000000e9c00000|  0%| F|  |TAMS 0x00000000e9b00000, 0x00000000e9b00000| Untracked 
| 156|0x00000000e9c00000, 0x00000000e9c00000, 0x00000000e9d00000|  0%| F|  |TAMS 0x00000000e9c00000, 0x00000000e9c00000| Untracked 
| 157|0x00000000e9d00000, 0x00000000e9d00000, 0x00000000e9e00000|  0%| F|  |TAMS 0x00000000e9d00000, 0x00000000e9d00000| Untracked 
| 158|0x00000000e9e00000, 0x00000000e9e00000, 0x00000000e9f00000|  0%| F|  |TAMS 0x00000000e9e00000, 0x00000000e9e00000| Untracked 
| 159|0x00000000e9f00000, 0x00000000e9f00000, 0x00000000ea000000|  0%| F|  |TAMS 0x00000000e9f00000, 0x00000000e9f00000| Untracked 
| 160|0x00000000ea000000, 0x00000000ea000000, 0x00000000ea100000|  0%| F|  |TAMS 0x00000000ea000000, 0x00000000ea000000| Untracked 
| 161|0x00000000ea100000, 0x00000000ea100000, 0x00000000ea200000|  0%| F|  |TAMS 0x00000000ea100000, 0x00000000ea100000| Untracked 
| 162|0x00000000ea200000, 0x00000000ea200000, 0x00000000ea300000|  0%| F|  |TAMS 0x00000000ea200000, 0x00000000ea200000| Untracked 
| 163|0x00000000ea300000, 0x00000000ea300000, 0x00000000ea400000|  0%| F|  |TAMS 0x00000000ea300000, 0x00000000ea300000| Untracked 
| 164|0x00000000ea400000, 0x00000000ea400000, 0x00000000ea500000|  0%| F|  |TAMS 0x00000000ea400000, 0x00000000ea400000| Untracked 
| 165|0x00000000ea500000, 0x00000000ea500000, 0x00000000ea600000|  0%| F|  |TAMS 0x00000000ea500000, 0x00000000ea500000| Untracked 
| 166|0x00000000ea600000, 0x00000000ea600000, 0x00000000ea700000|  0%| F|  |TAMS 0x00000000ea600000, 0x00000000ea600000| Untracked 
| 167|0x00000000ea700000, 0x00000000ea700000, 0x00000000ea800000|  0%| F|  |TAMS 0x00000000ea700000, 0x00000000ea700000| Untracked 
| 168|0x00000000ea800000, 0x00000000ea800000, 0x00000000ea900000|  0%| F|  |TAMS 0x00000000ea800000, 0x00000000ea800000| Untracked 
| 169|0x00000000ea900000, 0x00000000ea900000, 0x00000000eaa00000|  0%| F|  |TAMS 0x00000000ea900000, 0x00000000ea900000| Untracked 
| 170|0x00000000eaa00000, 0x00000000eaa00000, 0x00000000eab00000|  0%| F|  |TAMS 0x00000000eaa00000, 0x00000000eaa00000| Untracked 
| 171|0x00000000eab00000, 0x00000000eab00000, 0x00000000eac00000|  0%| F|  |TAMS 0x00000000eab00000, 0x00000000eab00000| Untracked 
| 172|0x00000000eac00000, 0x00000000eac00000, 0x00000000ead00000|  0%| F|  |TAMS 0x00000000eac00000, 0x00000000eac00000| Untracked 
| 173|0x00000000ead00000, 0x00000000ead18e88, 0x00000000eae00000|  9%| S|CS|TAMS 0x00000000ead00000, 0x00000000ead00000| Complete 
| 174|0x00000000eae00000, 0x00000000eaf00000, 0x00000000eaf00000|100%| S|CS|TAMS 0x00000000eae00000, 0x00000000eae00000| Complete 
| 175|0x00000000eaf00000, 0x00000000eb000000, 0x00000000eb000000|100%| S|CS|TAMS 0x00000000eaf00000, 0x00000000eaf00000| Complete 
| 176|0x00000000eb000000, 0x00000000eb100000, 0x00000000eb100000|100%| S|CS|TAMS 0x00000000eb000000, 0x00000000eb000000| Complete 
| 177|0x00000000eb100000, 0x00000000eb200000, 0x00000000eb200000|100%| S|CS|TAMS 0x00000000eb100000, 0x00000000eb100000| Complete 
| 178|0x00000000eb200000, 0x00000000eb300000, 0x00000000eb300000|100%| S|CS|TAMS 0x00000000eb200000, 0x00000000eb200000| Complete 
| 179|0x00000000eb300000, 0x00000000eb400000, 0x00000000eb400000|100%| S|CS|TAMS 0x00000000eb300000, 0x00000000eb300000| Complete 
| 180|0x00000000eb400000, 0x00000000eb500000, 0x00000000eb500000|100%| S|CS|TAMS 0x00000000eb400000, 0x00000000eb400000| Complete 
| 181|0x00000000eb500000, 0x00000000eb600000, 0x00000000eb600000|100%| S|CS|TAMS 0x00000000eb500000, 0x00000000eb500000| Complete 
| 182|0x00000000eb600000, 0x00000000eb700000, 0x00000000eb700000|100%| S|CS|TAMS 0x00000000eb600000, 0x00000000eb600000| Complete 
| 183|0x00000000eb700000, 0x00000000eb800000, 0x00000000eb800000|100%| S|CS|TAMS 0x00000000eb700000, 0x00000000eb700000| Complete 
| 184|0x00000000eb800000, 0x00000000eb800000, 0x00000000eb900000|  0%| F|  |TAMS 0x00000000eb800000, 0x00000000eb800000| Untracked 
| 185|0x00000000eb900000, 0x00000000eb900000, 0x00000000eba00000|  0%| F|  |TAMS 0x00000000eb900000, 0x00000000eb900000| Untracked 
| 186|0x00000000eba00000, 0x00000000eba00000, 0x00000000ebb00000|  0%| F|  |TAMS 0x00000000eba00000, 0x00000000eba00000| Untracked 
| 187|0x00000000ebb00000, 0x00000000ebb00000, 0x00000000ebc00000|  0%| F|  |TAMS 0x00000000ebb00000, 0x00000000ebb00000| Untracked 
| 188|0x00000000ebc00000, 0x00000000ebc00000, 0x00000000ebd00000|  0%| F|  |TAMS 0x00000000ebc00000, 0x00000000ebc00000| Untracked 
| 189|0x00000000ebd00000, 0x00000000ebd00000, 0x00000000ebe00000|  0%| F|  |TAMS 0x00000000ebd00000, 0x00000000ebd00000| Untracked 
| 190|0x00000000ebe00000, 0x00000000ebe00000, 0x00000000ebf00000|  0%| F|  |TAMS 0x00000000ebe00000, 0x00000000ebe00000| Untracked 
| 191|0x00000000ebf00000, 0x00000000ebf00000, 0x00000000ec000000|  0%| F|  |TAMS 0x00000000ebf00000, 0x00000000ebf00000| Untracked 
| 192|0x00000000ec000000, 0x00000000ec000000, 0x00000000ec100000|  0%| F|  |TAMS 0x00000000ec000000, 0x00000000ec000000| Untracked 
| 193|0x00000000ec100000, 0x00000000ec100000, 0x00000000ec200000|  0%| F|  |TAMS 0x00000000ec100000, 0x00000000ec100000| Untracked 
| 194|0x00000000ec200000, 0x00000000ec200000, 0x00000000ec300000|  0%| F|  |TAMS 0x00000000ec200000, 0x00000000ec200000| Untracked 
| 195|0x00000000ec300000, 0x00000000ec300000, 0x00000000ec400000|  0%| F|  |TAMS 0x00000000ec300000, 0x00000000ec300000| Untracked 
| 196|0x00000000ec400000, 0x00000000ec400000, 0x00000000ec500000|  0%| F|  |TAMS 0x00000000ec400000, 0x00000000ec400000| Untracked 
| 197|0x00000000ec500000, 0x00000000ec500000, 0x00000000ec600000|  0%| F|  |TAMS 0x00000000ec500000, 0x00000000ec500000| Untracked 
| 198|0x00000000ec600000, 0x00000000ec600000, 0x00000000ec700000|  0%| F|  |TAMS 0x00000000ec600000, 0x00000000ec600000| Untracked 
| 199|0x00000000ec700000, 0x00000000ec800000, 0x00000000ec800000|100%| E|  |TAMS 0x00000000ec700000, 0x00000000ec700000| Complete 
| 200|0x00000000ec800000, 0x00000000ec900000, 0x00000000ec900000|100%| E|CS|TAMS 0x00000000ec800000, 0x00000000ec800000| Complete 
| 201|0x00000000ec900000, 0x00000000eca00000, 0x00000000eca00000|100%| E|CS|TAMS 0x00000000ec900000, 0x00000000ec900000| Complete 
| 202|0x00000000eca00000, 0x00000000ecb00000, 0x00000000ecb00000|100%| E|CS|TAMS 0x00000000eca00000, 0x00000000eca00000| Complete 
| 203|0x00000000ecb00000, 0x00000000ecc00000, 0x00000000ecc00000|100%| E|CS|TAMS 0x00000000ecb00000, 0x00000000ecb00000| Complete 
| 204|0x00000000ecc00000, 0x00000000ecd00000, 0x00000000ecd00000|100%| E|CS|TAMS 0x00000000ecc00000, 0x00000000ecc00000| Complete 
| 205|0x00000000ecd00000, 0x00000000ece00000, 0x00000000ece00000|100%| E|CS|TAMS 0x00000000ecd00000, 0x00000000ecd00000| Complete 
| 206|0x00000000ece00000, 0x00000000ecf00000, 0x00000000ecf00000|100%| E|CS|TAMS 0x00000000ece00000, 0x00000000ece00000| Complete 
| 207|0x00000000ecf00000, 0x00000000ed000000, 0x00000000ed000000|100%| E|CS|TAMS 0x00000000ecf00000, 0x00000000ecf00000| Complete 
| 208|0x00000000ed000000, 0x00000000ed100000, 0x00000000ed100000|100%| E|CS|TAMS 0x00000000ed000000, 0x00000000ed000000| Complete 
| 209|0x00000000ed100000, 0x00000000ed200000, 0x00000000ed200000|100%| E|CS|TAMS 0x00000000ed100000, 0x00000000ed100000| Complete 
| 210|0x00000000ed200000, 0x00000000ed300000, 0x00000000ed300000|100%| E|CS|TAMS 0x00000000ed200000, 0x00000000ed200000| Complete 
| 211|0x00000000ed300000, 0x00000000ed400000, 0x00000000ed400000|100%| E|CS|TAMS 0x00000000ed300000, 0x00000000ed300000| Complete 
| 212|0x00000000ed400000, 0x00000000ed500000, 0x00000000ed500000|100%| E|CS|TAMS 0x00000000ed400000, 0x00000000ed400000| Complete 
| 213|0x00000000ed500000, 0x00000000ed600000, 0x00000000ed600000|100%| E|CS|TAMS 0x00000000ed500000, 0x00000000ed500000| Complete 
| 214|0x00000000ed600000, 0x00000000ed700000, 0x00000000ed700000|100%| E|CS|TAMS 0x00000000ed600000, 0x00000000ed600000| Complete 
| 215|0x00000000ed700000, 0x00000000ed800000, 0x00000000ed800000|100%| E|CS|TAMS 0x00000000ed700000, 0x00000000ed700000| Complete 
| 216|0x00000000ed800000, 0x00000000ed900000, 0x00000000ed900000|100%| E|CS|TAMS 0x00000000ed800000, 0x00000000ed800000| Complete 
| 217|0x00000000ed900000, 0x00000000eda00000, 0x00000000eda00000|100%| E|CS|TAMS 0x00000000ed900000, 0x00000000ed900000| Complete 
| 218|0x00000000eda00000, 0x00000000edb00000, 0x00000000edb00000|100%| E|CS|TAMS 0x00000000eda00000, 0x00000000eda00000| Complete 
| 219|0x00000000edb00000, 0x00000000edc00000, 0x00000000edc00000|100%| E|CS|TAMS 0x00000000edb00000, 0x00000000edb00000| Complete 
| 220|0x00000000edc00000, 0x00000000edd00000, 0x00000000edd00000|100%| E|CS|TAMS 0x00000000edc00000, 0x00000000edc00000| Complete 
| 221|0x00000000edd00000, 0x00000000ede00000, 0x00000000ede00000|100%| E|CS|TAMS 0x00000000edd00000, 0x00000000edd00000| Complete 
| 222|0x00000000ede00000, 0x00000000edf00000, 0x00000000edf00000|100%| E|CS|TAMS 0x00000000ede00000, 0x00000000ede00000| Complete 
| 223|0x00000000edf00000, 0x00000000ee000000, 0x00000000ee000000|100%| E|CS|TAMS 0x00000000edf00000, 0x00000000edf00000| Complete 
| 224|0x00000000ee000000, 0x00000000ee100000, 0x00000000ee100000|100%| E|CS|TAMS 0x00000000ee000000, 0x00000000ee000000| Complete 
| 225|0x00000000ee100000, 0x00000000ee200000, 0x00000000ee200000|100%| E|CS|TAMS 0x00000000ee100000, 0x00000000ee100000| Complete 
| 226|0x00000000ee200000, 0x00000000ee300000, 0x00000000ee300000|100%| E|CS|TAMS 0x00000000ee200000, 0x00000000ee200000| Complete 
| 227|0x00000000ee300000, 0x00000000ee400000, 0x00000000ee400000|100%| E|CS|TAMS 0x00000000ee300000, 0x00000000ee300000| Complete 
| 228|0x00000000ee400000, 0x00000000ee500000, 0x00000000ee500000|100%| E|CS|TAMS 0x00000000ee400000, 0x00000000ee400000| Complete 
| 229|0x00000000ee500000, 0x00000000ee600000, 0x00000000ee600000|100%| E|CS|TAMS 0x00000000ee500000, 0x00000000ee500000| Complete 
| 230|0x00000000ee600000, 0x00000000ee700000, 0x00000000ee700000|100%| E|CS|TAMS 0x00000000ee600000, 0x00000000ee600000| Complete 
| 231|0x00000000ee700000, 0x00000000ee800000, 0x00000000ee800000|100%| E|CS|TAMS 0x00000000ee700000, 0x00000000ee700000| Complete 
| 232|0x00000000ee800000, 0x00000000ee900000, 0x00000000ee900000|100%| E|CS|TAMS 0x00000000ee800000, 0x00000000ee800000| Complete 
| 233|0x00000000ee900000, 0x00000000eea00000, 0x00000000eea00000|100%| E|CS|TAMS 0x00000000ee900000, 0x00000000ee900000| Complete 
| 234|0x00000000eea00000, 0x00000000eeb00000, 0x00000000eeb00000|100%| E|CS|TAMS 0x00000000eea00000, 0x00000000eea00000| Complete 
| 235|0x00000000eeb00000, 0x00000000eec00000, 0x00000000eec00000|100%| E|CS|TAMS 0x00000000eeb00000, 0x00000000eeb00000| Complete 
| 236|0x00000000eec00000, 0x00000000eed00000, 0x00000000eed00000|100%| E|CS|TAMS 0x00000000eec00000, 0x00000000eec00000| Complete 
| 237|0x00000000eed00000, 0x00000000eee00000, 0x00000000eee00000|100%| E|CS|TAMS 0x00000000eed00000, 0x00000000eed00000| Complete 
| 238|0x00000000eee00000, 0x00000000eef00000, 0x00000000eef00000|100%| E|CS|TAMS 0x00000000eee00000, 0x00000000eee00000| Complete 
| 239|0x00000000eef00000, 0x00000000ef000000, 0x00000000ef000000|100%| E|CS|TAMS 0x00000000eef00000, 0x00000000eef00000| Complete 
| 240|0x00000000ef000000, 0x00000000ef100000, 0x00000000ef100000|100%| E|CS|TAMS 0x00000000ef000000, 0x00000000ef000000| Complete 
| 241|0x00000000ef100000, 0x00000000ef200000, 0x00000000ef200000|100%| E|CS|TAMS 0x00000000ef100000, 0x00000000ef100000| Complete 
| 242|0x00000000ef200000, 0x00000000ef300000, 0x00000000ef300000|100%| E|CS|TAMS 0x00000000ef200000, 0x00000000ef200000| Complete 
| 243|0x00000000ef300000, 0x00000000ef400000, 0x00000000ef400000|100%| E|CS|TAMS 0x00000000ef300000, 0x00000000ef300000| Complete 
| 244|0x00000000ef400000, 0x00000000ef500000, 0x00000000ef500000|100%| E|CS|TAMS 0x00000000ef400000, 0x00000000ef400000| Complete 
| 245|0x00000000ef500000, 0x00000000ef600000, 0x00000000ef600000|100%| E|CS|TAMS 0x00000000ef500000, 0x00000000ef500000| Complete 
| 246|0x00000000ef600000, 0x00000000ef700000, 0x00000000ef700000|100%| E|CS|TAMS 0x00000000ef600000, 0x00000000ef600000| Complete 
| 247|0x00000000ef700000, 0x00000000ef800000, 0x00000000ef800000|100%| E|CS|TAMS 0x00000000ef700000, 0x00000000ef700000| Complete 
| 248|0x00000000ef800000, 0x00000000ef900000, 0x00000000ef900000|100%| E|CS|TAMS 0x00000000ef800000, 0x00000000ef800000| Complete 
| 249|0x00000000ef900000, 0x00000000efa00000, 0x00000000efa00000|100%| E|CS|TAMS 0x00000000ef900000, 0x00000000ef900000| Complete 
| 250|0x00000000efa00000, 0x00000000efb00000, 0x00000000efb00000|100%| E|CS|TAMS 0x00000000efa00000, 0x00000000efa00000| Complete 
| 251|0x00000000efb00000, 0x00000000efc00000, 0x00000000efc00000|100%| E|CS|TAMS 0x00000000efb00000, 0x00000000efb00000| Complete 
| 252|0x00000000efc00000, 0x00000000efd00000, 0x00000000efd00000|100%| E|CS|TAMS 0x00000000efc00000, 0x00000000efc00000| Complete 
| 253|0x00000000efd00000, 0x00000000efe00000, 0x00000000efe00000|100%| E|CS|TAMS 0x00000000efd00000, 0x00000000efd00000| Complete 
| 254|0x00000000efe00000, 0x00000000eff00000, 0x00000000eff00000|100%| E|CS|TAMS 0x00000000efe00000, 0x00000000efe00000| Complete 
| 255|0x00000000eff00000, 0x00000000f0000000, 0x00000000f0000000|100%| E|CS|TAMS 0x00000000eff00000, 0x00000000eff00000| Complete 

Card table byte_map: [0x000001c9be3d0000,0x000001c9be4d0000] _byte_map_base: 0x000001c9bdcd0000

Marking Bits (Prev, Next): (CMBitMap*) 0x000001c9a523b650, (CMBitMap*) 0x000001c9a523b690
 Prev Bits: [0x000001c9be5d0000, 0x000001c9bedd0000)
 Next Bits: [0x000001c9bedd0000, 0x000001c9bf5d0000)

Polling page: 0x000001c9a52c0000

Metaspace:

Usage:
  Non-class:     90.30 MB used.
      Class:     13.55 MB used.
       Both:    103.84 MB used.

Virtual space:
  Non-class space:      128.00 MB reserved,      90.75 MB ( 71%) committed,  2 nodes.
      Class space:      320.00 MB reserved,      13.94 MB (  4%) committed,  1 nodes.
             Both:      448.00 MB reserved,     104.69 MB ( 23%) committed. 

Chunk freelists:
   Non-Class:  4.97 MB
       Class:  1.99 MB
        Both:  6.96 MB

MaxMetaspaceSize: 384.00 MB
CompressedClassSpaceSize: 320.00 MB
Initial GC threshold: 21.00 MB
Current GC threshold: 164.69 MB
CDS: on
MetaspaceReclaimPolicy: balanced
 - commit_granule_bytes: 65536.
 - commit_granule_words: 8192.
 - virtual_space_node_default_size: 8388608.
 - enlarge_chunks_in_place: 1.
 - new_chunks_are_fully_committed: 0.
 - uncommit_free_chunks: 1.
 - use_allocation_guard: 0.
 - handle_deallocations: 1.


Internal statistics:

num_allocs_failed_limit: 15.
num_arena_births: 974.
num_arena_deaths: 0.
num_vsnodes_births: 3.
num_vsnodes_deaths: 0.
num_space_committed: 1673.
num_space_uncommitted: 0.
num_chunks_returned_to_freelist: 15.
num_chunks_taken_from_freelist: 4969.
num_chunk_merges: 15.
num_chunk_splits: 3722.
num_chunks_enlarged: 2971.
num_inconsistent_stats: 0.

CodeHeap 'non-profiled nmethods': size=119168Kb used=4668Kb max_used=4785Kb free=114499Kb
 bounds [0x000001c9b5ea0000, 0x000001c9b6370000, 0x000001c9bd300000]
CodeHeap 'profiled nmethods': size=119104Kb used=15977Kb max_used=16675Kb free=103126Kb
 bounds [0x000001c9ae300000, 0x000001c9af350000, 0x000001c9b5750000]
CodeHeap 'non-nmethods': size=7488Kb used=3643Kb max_used=4296Kb free=3844Kb
 bounds [0x000001c9b5750000, 0x000001c9b5b90000, 0x000001c9b5ea0000]
 total_blobs=8779 nmethods=7708 adapters=981
 compilation: enabled
              stopped_count=0, restarted_count=0
 full_count=0

Compilation events (20 events):
Event: 26.683 Thread 0x000001c9c285adb0 nmethod 9114 0x000001c9aeb1f890 code [0x000001c9aeb1fa80, 0x000001c9aeb20178]
Event: 26.692 Thread 0x000001c9c26fb4e0 9115       3       jdk.internal.loader.ClassLoaders::bootLoader (4 bytes)
Event: 26.693 Thread 0x000001c9c26fb4e0 nmethod 9115 0x000001c9aeb4b410 code [0x000001c9aeb4b5a0, 0x000001c9aeb4b698]
Event: 26.698 Thread 0x000001c9c26fb4e0 9116       3       java.io.ObjectOutputStream$BlockDataOutputStream::writeInt (46 bytes)
Event: 26.699 Thread 0x000001c9c26fb4e0 nmethod 9116 0x000001c9aeae3410 code [0x000001c9aeae35c0, 0x000001c9aeae37d8]
Event: 26.704 Thread 0x000001c9dc3b65d0 9117       3       java.util.regex.Pattern::atom (422 bytes)
Event: 26.705 Thread 0x000001c9dc3b65d0 nmethod 9117 0x000001c9af0e4390 code [0x000001c9af0e4700, 0x000001c9af0e5e48]
Event: 26.706 Thread 0x000001c9c285adb0 9118       3       org.gradle.internal.service.DefaultServiceLocator$ServiceImplementationComparator::compare (13 bytes)
Event: 26.706 Thread 0x000001c9c29dbbc0 9119       3       org.gradle.internal.service.DefaultServiceLocator$ServiceImplementationComparator::compare (12 bytes)
Event: 26.706 Thread 0x000001c9c26fb4e0 9120       1       org.gradle.internal.reflect.ReflectionCache$CacheEntry::access$200 (5 bytes)
Event: 26.706 Thread 0x000001c9c29dbbc0 nmethod 9119 0x000001c9aecd6310 code [0x000001c9aecd64e0, 0x000001c9aecd6828]
Event: 26.706 Thread 0x000001c9c285adb0 nmethod 9118 0x000001c9af19f690 code [0x000001c9af19f880, 0x000001c9af19fe08]
Event: 26.706 Thread 0x000001c9c26fb4e0 nmethod 9120 0x000001c9b610ab90 code [0x000001c9b610ad20, 0x000001c9b610add8]
Event: 26.718 Thread 0x000001c9c285adb0 9121       3       com.google.common.cache.LocalCache$LoadingValueReference::get (10 bytes)
Event: 26.718 Thread 0x000001c9c29dbbc0 9122       3       com.google.common.cache.LocalCache$LoadingValueReference::isActive (10 bytes)
Event: 26.718 Thread 0x000001c9c29dbbc0 nmethod 9122 0x000001c9aeb0c010 code [0x000001c9aeb0c1c0, 0x000001c9aeb0c388]
Event: 26.718 Thread 0x000001c9c285adb0 nmethod 9121 0x000001c9aeb25190 code [0x000001c9aeb25340, 0x000001c9aeb25508]
Event: 26.722 Thread 0x000001c9c285adb0 9123       3       org.objectweb.asm.SymbolTable::addConstantMethodHandle (208 bytes)
Event: 26.723 Thread 0x000001c9c285adb0 nmethod 9123 0x000001c9aefffb90 code [0x000001c9aefffe20, 0x000001c9af0008d8]
Event: 27.077 Thread 0x000001c9c29dbbc0 9124       3       java.util.stream.Collectors$$Lambda$75/0x000001c9c40744f8::get (8 bytes)

GC Heap History (20 events):
Event: 13.849 GC heap before
{Heap before GC invocations=2 (full 0):
 garbage-first heap   total 262144K, used 60988K [0x00000000e0000000, 0x0000000100000000)
  region size 1024K, 52 young (53248K), 5 survivors (5120K)
 Metaspace       used 4651K, committed 4800K, reserved 393216K
  class space    used 577K, committed 640K, reserved 327680K
}
Event: 13.854 GC heap after
{Heap after GC invocations=3 (full 0):
 garbage-first heap   total 262144K, used 16214K [0x00000000e0000000, 0x0000000100000000)
  region size 1024K, 5 young (5120K), 5 survivors (5120K)
 Metaspace       used 4651K, committed 4800K, reserved 393216K
  class space    used 577K, committed 640K, reserved 327680K
}
Event: 16.444 GC heap before
{Heap before GC invocations=3 (full 0):
 garbage-first heap   total 262144K, used 124758K [0x00000000e0000000, 0x0000000100000000)
  region size 1024K, 112 young (114688K), 5 survivors (5120K)
 Metaspace       used 21146K, committed 21504K, reserved 393216K
  class space    used 3067K, committed 3200K, reserved 327680K
}
Event: 16.451 GC heap after
{Heap after GC invocations=4 (full 0):
 garbage-first heap   total 262144K, used 23966K [0x00000000e0000000, 0x0000000100000000)
  region size 1024K, 12 young (12288K), 12 survivors (12288K)
 Metaspace       used 21146K, committed 21504K, reserved 393216K
  class space    used 3067K, committed 3200K, reserved 327680K
}
Event: 18.723 GC heap before
{Heap before GC invocations=5 (full 0):
 garbage-first heap   total 262144K, used 163230K [0x00000000e0000000, 0x0000000100000000)
  region size 1024K, 134 young (137216K), 12 survivors (12288K)
 Metaspace       used 35485K, committed 35968K, reserved 393216K
  class space    used 4886K, committed 5120K, reserved 327680K
}
Event: 18.732 GC heap after
{Heap after GC invocations=6 (full 0):
 garbage-first heap   total 262144K, used 46480K [0x00000000e0000000, 0x0000000100000000)
  region size 1024K, 19 young (19456K), 19 survivors (19456K)
 Metaspace       used 35485K, committed 35968K, reserved 393216K
  class space    used 4886K, committed 5120K, reserved 327680K
}
Event: 20.370 GC heap before
{Heap before GC invocations=7 (full 0):
 garbage-first heap   total 262144K, used 193936K [0x00000000e0000000, 0x0000000100000000)
  region size 1024K, 153 young (156672K), 19 survivors (19456K)
 Metaspace       used 45642K, committed 46336K, reserved 393216K
  class space    used 6322K, committed 6656K, reserved 327680K
}
Event: 20.378 GC heap after
{Heap after GC invocations=8 (full 0):
 garbage-first heap   total 262144K, used 64977K [0x00000000e0000000, 0x0000000100000000)
  region size 1024K, 11 young (11264K), 11 survivors (11264K)
 Metaspace       used 45642K, committed 46336K, reserved 393216K
  class space    used 6322K, committed 6656K, reserved 327680K
}
Event: 21.482 GC heap before
{Heap before GC invocations=8 (full 0):
 garbage-first heap   total 262144K, used 170449K [0x00000000e0000000, 0x0000000100000000)
  region size 1024K, 115 young (117760K), 11 survivors (11264K)
 Metaspace       used 59494K, committed 60160K, reserved 393216K
  class space    used 8537K, committed 8832K, reserved 327680K
}
Event: 21.487 GC heap after
{Heap after GC invocations=9 (full 0):
 garbage-first heap   total 262144K, used 68747K [0x00000000e0000000, 0x0000000100000000)
  region size 1024K, 4 young (4096K), 4 survivors (4096K)
 Metaspace       used 59494K, committed 60160K, reserved 393216K
  class space    used 8537K, committed 8832K, reserved 327680K
}
Event: 22.783 GC heap before
{Heap before GC invocations=10 (full 0):
 garbage-first heap   total 262144K, used 220299K [0x00000000e0000000, 0x0000000100000000)
  region size 1024K, 137 young (140288K), 4 survivors (4096K)
 Metaspace       used 71032K, committed 71872K, reserved 393216K
  class space    used 9888K, committed 10304K, reserved 327680K
}
Event: 22.791 GC heap after
{Heap after GC invocations=11 (full 0):
 garbage-first heap   total 262144K, used 92834K [0x00000000e0000000, 0x0000000100000000)
  region size 1024K, 18 young (18432K), 18 survivors (18432K)
 Metaspace       used 71032K, committed 71872K, reserved 393216K
  class space    used 9888K, committed 10304K, reserved 327680K
}
Event: 22.800 GC heap before
{Heap before GC invocations=11 (full 0):
 garbage-first heap   total 262144K, used 93858K [0x00000000e0000000, 0x0000000100000000)
  region size 1024K, 19 young (19456K), 18 survivors (18432K)
 Metaspace       used 71082K, committed 71872K, reserved 393216K
  class space    used 9895K, committed 10304K, reserved 327680K
}
Event: 22.806 GC heap after
{Heap after GC invocations=12 (full 0):
 garbage-first heap   total 262144K, used 94887K [0x00000000e0000000, 0x0000000100000000)
  region size 1024K, 3 young (3072K), 3 survivors (3072K)
 Metaspace       used 71082K, committed 71872K, reserved 393216K
  class space    used 9895K, committed 10304K, reserved 327680K
}
Event: 23.892 GC heap before
{Heap before GC invocations=12 (full 0):
 garbage-first heap   total 262144K, used 201383K [0x00000000e0000000, 0x0000000100000000)
  region size 1024K, 106 young (108544K), 3 survivors (3072K)
 Metaspace       used 82946K, committed 83712K, reserved 458752K
  class space    used 11218K, committed 11584K, reserved 327680K
}
Event: 23.895 GC heap after
{Heap after GC invocations=13 (full 0):
 garbage-first heap   total 262144K, used 100701K [0x00000000e0000000, 0x0000000100000000)
  region size 1024K, 8 young (8192K), 8 survivors (8192K)
 Metaspace       used 82946K, committed 83712K, reserved 458752K
  class space    used 11218K, committed 11584K, reserved 327680K
}
Event: 25.037 GC heap before
{Heap before GC invocations=13 (full 0):
 garbage-first heap   total 262144K, used 203101K [0x00000000e0000000, 0x0000000100000000)
  region size 1024K, 108 young (110592K), 8 survivors (8192K)
 Metaspace       used 90051K, committed 90880K, reserved 458752K
  class space    used 12025K, committed 12416K, reserved 327680K
}
Event: 25.042 GC heap after
{Heap after GC invocations=14 (full 0):
 garbage-first heap   total 262144K, used 106183K [0x00000000e0000000, 0x0000000100000000)
  region size 1024K, 7 young (7168K), 7 survivors (7168K)
 Metaspace       used 90051K, committed 90880K, reserved 458752K
  class space    used 12025K, committed 12416K, reserved 327680K
}
Event: 25.988 GC heap before
{Heap before GC invocations=14 (full 0):
 garbage-first heap   total 262144K, used 177863K [0x00000000e0000000, 0x0000000100000000)
  region size 1024K, 79 young (80896K), 7 survivors (7168K)
 Metaspace       used 99921K, committed 100736K, reserved 458752K
  class space    used 13035K, committed 13440K, reserved 327680K
}
Event: 25.992 GC heap after
{Heap after GC invocations=15 (full 0):
 garbage-first heap   total 262144K, used 109545K [0x00000000e0000000, 0x0000000100000000)
  region size 1024K, 11 young (11264K), 11 survivors (11264K)
 Metaspace       used 99921K, committed 100736K, reserved 458752K
  class space    used 13035K, committed 13440K, reserved 327680K
}

Dll operation events (14 events):
Event: 0.030 Loaded shared library C:\Users\anura\.jdks\corretto-17.0.8.1\bin\java.dll
Event: 0.060 Loaded shared library C:\Users\anura\.jdks\corretto-17.0.8.1\bin\jsvml.dll
Event: 0.114 Loaded shared library C:\Users\anura\.jdks\corretto-17.0.8.1\bin\zip.dll
Event: 0.118 Loaded shared library C:\Users\anura\.jdks\corretto-17.0.8.1\bin\instrument.dll
Event: 0.123 Loaded shared library C:\Users\anura\.jdks\corretto-17.0.8.1\bin\net.dll
Event: 0.126 Loaded shared library C:\Users\anura\.jdks\corretto-17.0.8.1\bin\nio.dll
Event: 0.141 Loaded shared library C:\Users\anura\.jdks\corretto-17.0.8.1\bin\zip.dll
Event: 3.685 Loaded shared library C:\Users\anura\.jdks\corretto-17.0.8.1\bin\jimage.dll
Event: 8.492 Loaded shared library C:\Users\anura\.jdks\corretto-17.0.8.1\bin\verify.dll
Event: 8.620 Loaded shared library C:\Users\anura\.gradle\native\1def1411415f61bf3af743bc5b6707747c0891f09f0c88961ee8f79bc544acac\windows-amd64\native-platform.dll
Event: 8.639 Loaded shared library C:\Users\anura\.gradle\native\0.2.7\x86_64-windows-gnu\gradle-fileevents.dll
Event: 14.026 Loaded shared library C:\Users\anura\.jdks\corretto-17.0.8.1\bin\management.dll
Event: 14.032 Loaded shared library C:\Users\anura\.jdks\corretto-17.0.8.1\bin\management_ext.dll
Event: 14.690 Loaded shared library C:\Users\anura\.jdks\corretto-17.0.8.1\bin\sunmscapi.dll

Deoptimization events (20 events):
Event: 26.533 Thread 0x000001c9dcad5bb0 Uncommon trap: trap_request=0xffffff45 fr.pc=0x000001c9b610a1b4 relative=0x0000000000000294
Event: 26.533 Thread 0x000001c9dcad5bb0 Uncommon trap: reason=unstable_if action=reinterpret pc=0x000001c9b610a1b4 method=java.util.HashMap.getNode(Ljava/lang/Object;)Ljava/util/HashMap$Node; @ 85 c2
Event: 26.533 Thread 0x000001c9dcad5bb0 DEOPT PACKING pc=0x000001c9b610a1b4 sp=0x0000008a9e2f77b0
Event: 26.533 Thread 0x000001c9dcad5bb0 DEOPT UNPACKING pc=0x000001c9b57aa1a3 sp=0x0000008a9e2f76c0 mode 2
Event: 26.533 Thread 0x000001c9dcad5bb0 Uncommon trap: trap_request=0xffffff45 fr.pc=0x000001c9b61296c4 relative=0x0000000000000764
Event: 26.533 Thread 0x000001c9dcad5bb0 Uncommon trap: reason=unstable_if action=reinterpret pc=0x000001c9b61296c4 method=java.util.HashMap.putVal(ILjava/lang/Object;Ljava/lang/Object;ZZ)Ljava/lang/Object; @ 109 c2
Event: 26.533 Thread 0x000001c9dcad5bb0 DEOPT PACKING pc=0x000001c9b61296c4 sp=0x0000008a9e2f7780
Event: 26.533 Thread 0x000001c9dcad5bb0 DEOPT UNPACKING pc=0x000001c9b57aa1a3 sp=0x0000008a9e2f7698 mode 2
Event: 26.534 Thread 0x000001c9dcad5bb0 Uncommon trap: trap_request=0xffffff45 fr.pc=0x000001c9b5eca49c relative=0x000000000000093c
Event: 26.534 Thread 0x000001c9dcad5bb0 Uncommon trap: reason=unstable_if action=reinterpret pc=0x000001c9b5eca49c method=java.util.HashMap.resize()[Ljava/util/HashMap$Node; @ 203 c2
Event: 26.534 Thread 0x000001c9dcad5bb0 DEOPT PACKING pc=0x000001c9b5eca49c sp=0x0000008a9e2f7640
Event: 26.534 Thread 0x000001c9dcad5bb0 DEOPT UNPACKING pc=0x000001c9b57aa1a3 sp=0x0000008a9e2f75d0 mode 2
Event: 26.534 Thread 0x000001c9dcad5bb0 Uncommon trap: trap_request=0xffffff45 fr.pc=0x000001c9b6108254 relative=0x0000000000000234
Event: 26.534 Thread 0x000001c9dcad5bb0 Uncommon trap: reason=unstable_if action=reinterpret pc=0x000001c9b6108254 method=java.util.HashMap.getNode(Ljava/lang/Object;)Ljava/util/HashMap$Node; @ 85 c2
Event: 26.534 Thread 0x000001c9dcad5bb0 DEOPT PACKING pc=0x000001c9b6108254 sp=0x0000008a9e2f7730
Event: 26.534 Thread 0x000001c9dcad5bb0 DEOPT UNPACKING pc=0x000001c9b57aa1a3 sp=0x0000008a9e2f76b0 mode 2
Event: 26.534 Thread 0x000001c9dcad5bb0 Uncommon trap: trap_request=0xffffff45 fr.pc=0x000001c9b607c9cc relative=0x00000000000006ec
Event: 26.534 Thread 0x000001c9dcad5bb0 Uncommon trap: reason=unstable_if action=reinterpret pc=0x000001c9b607c9cc method=java.util.HashMap.putVal(ILjava/lang/Object;Ljava/lang/Object;ZZ)Ljava/lang/Object; @ 109 c2
Event: 26.534 Thread 0x000001c9dcad5bb0 DEOPT PACKING pc=0x000001c9b607c9cc sp=0x0000008a9e2f76d0
Event: 26.535 Thread 0x000001c9dcad5bb0 DEOPT UNPACKING pc=0x000001c9b57aa1a3 sp=0x0000008a9e2f7688 mode 2

Classes unloaded (0 events):
No events

Classes redefined (0 events):
No events

Internal exceptions (20 events):
Event: 25.689 Thread 0x000001c9dcad5bb0 Exception <a 'java/lang/NoSuchMethodError'{0x00000000ece335c0}: 'java.lang.Object java.lang.invoke.DirectMethodHandle$Holder.invokeSpecial(java.lang.Object, java.lang.Object, int, java.lang.Object, int)'> (0x00000000ece335c0) 
thrown [s\src\hotspot\share\interpreter\linkResolver.cpp, line 759]
Event: 26.209 Thread 0x000001c9dcad5bb0 Exception <a 'java/lang/NoSuchMethodError'{0x00000000eed87e98}: 'java.lang.Object java.lang.invoke.DirectMethodHandle$Holder.invokeStatic(java.lang.Object, int, int)'> (0x00000000eed87e98) 
thrown [s\src\hotspot\share\interpreter\linkResolver.cpp, line 759]
Event: 26.269 Thread 0x000001c9dcad5bb0 Exception <a 'java/lang/NoSuchMethodError'{0x00000000ee7701e8}: 'java.lang.Object java.lang.invoke.DirectMethodHandle$Holder.invokeStatic(java.lang.Object, java.lang.Object, int, java.lang.Object, java.lang.Object)'> (0x00000000ee7701e8) 
thrown [s\src\hotspot\share\interpreter\linkResolver.cpp, line 759]
Event: 26.290 Thread 0x000001c9dcad5bb0 Exception <a 'java/lang/NoSuchMethodError'{0x00000000ee6ee8e8}: 'void java.lang.invoke.DirectMethodHandle$Holder.invokeStaticInit(java.lang.Object, java.lang.Object, java.lang.Object, java.lang.Object, java.lang.Object, java.lang.Object, java.lang.Object, int)'> (0x00000000ee6ee8e8) 
thrown [s\src\hotspot\share\interpreter\linkResolver.cpp, line 759]
Event: 26.315 Thread 0x000001c9dcad5bb0 Exception <a 'sun/nio/fs/WindowsException'{0x00000000ee3481e8}> (0x00000000ee3481e8) 
thrown [s\src\hotspot\share\prims\jni.cpp, line 516]
Event: 26.316 Thread 0x000001c9dcad5bb0 Exception <a 'sun/nio/fs/WindowsException'{0x00000000ee349e20}> (0x00000000ee349e20) 
thrown [s\src\hotspot\share\prims\jni.cpp, line 516]
Event: 26.341 Thread 0x000001c9dcad5bb0 Exception <a 'sun/nio/fs/WindowsException'{0x00000000ee23cc48}> (0x00000000ee23cc48) 
thrown [s\src\hotspot\share\prims\jni.cpp, line 516]
Event: 26.347 Thread 0x000001c9dcad5bb0 Exception <a 'sun/nio/fs/WindowsException'{0x00000000ee2456b8}> (0x00000000ee2456b8) 
thrown [s\src\hotspot\share\prims\jni.cpp, line 516]
Event: 26.399 Thread 0x000001c9dcad5bb0 Exception <a 'java/lang/IncompatibleClassChangeError'{0x00000000ee065990}: Found class java.lang.Object, but interface was expected> (0x00000000ee065990) 
thrown [s\src\hotspot\share\interpreter\linkResolver.cpp, line 826]
Event: 26.409 Thread 0x000001c9dcad5bb0 Exception <a 'java/lang/NoSuchMethodError'{0x00000000edf0e0d0}: 'void java.lang.invoke.DirectMethodHandle$Holder.invokeInterface(java.lang.Object, java.lang.Object)'> (0x00000000edf0e0d0) 
thrown [s\src\hotspot\share\interpreter\linkResolver.cpp, line 759]
Event: 26.445 Thread 0x000001c9dcad5bb0 Exception <a 'java/lang/ClassNotFoundException'{0x00000000eddc31d0}: org/jetbrains/plugins/gradle/model/web/WebConfigurationBeanInfo> (0x00000000eddc31d0) 
thrown [s\src\hotspot\share\classfile\systemDictionary.cpp, line 256]
Event: 26.445 Thread 0x000001c9dcad5bb0 Exception <a 'java/lang/ClassNotFoundException'{0x00000000eddcbd48}: org/jetbrains/plugins/gradle/model/web/WebConfigurationCustomizer> (0x00000000eddcbd48) 
thrown [s\src\hotspot\share\classfile\systemDictionary.cpp, line 256]
Event: 26.447 Thread 0x000001c9dcad5bb0 Exception <a 'java/lang/ClassNotFoundException'{0x00000000eddf0a50}: org/jetbrains/plugins/gradle/model/scala/ScalaModelBeanInfo> (0x00000000eddf0a50) 
thrown [s\src\hotspot\share\classfile\systemDictionary.cpp, line 256]
Event: 26.447 Thread 0x000001c9dcad5bb0 Exception <a 'java/lang/ClassNotFoundException'{0x00000000eddf94c8}: org/jetbrains/plugins/gradle/model/scala/ScalaModelCustomizer> (0x00000000eddf94c8) 
thrown [s\src\hotspot\share\classfile\systemDictionary.cpp, line 256]
Event: 26.450 Thread 0x000001c9dcad5bb0 Exception <a 'java/lang/ClassNotFoundException'{0x00000000edc37248}: org/jetbrains/plugins/gradle/model/DependencyAccessorsModelBeanInfo> (0x00000000edc37248) 
thrown [s\src\hotspot\share\classfile\systemDictionary.cpp, line 256]
Event: 26.450 Thread 0x000001c9dcad5bb0 Exception <a 'java/lang/ClassNotFoundException'{0x00000000edc3fde0}: org/jetbrains/plugins/gradle/model/DependencyAccessorsModelCustomizer> (0x00000000edc3fde0) 
thrown [s\src\hotspot\share\classfile\systemDictionary.cpp, line 256]
Event: 26.590 Thread 0x000001c9dcad5bb0 Exception <a 'java/lang/ClassNotFoundException'{0x00000000ed34da58}: org/gradle/api/internal/project/DefaultProject_DecoratedBeanInfo> (0x00000000ed34da58) 
thrown [s\src\hotspot\share\classfile\systemDictionary.cpp, line 256]
Event: 26.590 Thread 0x000001c9dcad5bb0 Exception <a 'java/lang/ClassNotFoundException'{0x00000000ed35c370}: org/gradle/api/internal/project/DefaultProjectBeanInfo> (0x00000000ed35c370) 
thrown [s\src\hotspot\share\classfile\systemDictionary.cpp, line 256]
Event: 26.590 Thread 0x000001c9dcad5bb0 Exception <a 'java/lang/ClassNotFoundException'{0x00000000ed36a2c0}: org/gradle/api/internal/project/DefaultProjectCustomizer> (0x00000000ed36a2c0) 
thrown [s\src\hotspot\share\classfile\systemDictionary.cpp, line 256]
Event: 26.594 Thread 0x000001c9dcad5bb0 Exception <a 'java/lang/ClassNotFoundException'{0x00000000ed21d6e8}: org/gradle/api/internal/project/DefaultProject_DecoratedCustomizer> (0x00000000ed21d6e8) 
thrown [s\src\hotspot\share\classfile\systemDictionary.cpp, line 256]

VM Operations (20 events):
Event: 25.721 Executing VM operation: HandshakeAllThreads
Event: 25.721 Executing VM operation: HandshakeAllThreads done
Event: 25.932 Executing VM operation: HandshakeAllThreads
Event: 25.932 Executing VM operation: HandshakeAllThreads done
Event: 25.988 Executing VM operation: CollectForMetadataAllocation
Event: 25.992 Executing VM operation: CollectForMetadataAllocation done
Event: 26.007 Executing VM operation: CollectForMetadataAllocation
Event: 26.007 Executing VM operation: CollectForMetadataAllocation done
Event: 26.018 Executing VM operation: G1PauseRemark
Event: 26.023 Executing VM operation: G1PauseRemark done
Event: 26.033 Executing VM operation: G1PauseCleanup
Event: 26.034 Executing VM operation: G1PauseCleanup done
Event: 26.084 Executing VM operation: HandshakeAllThreads
Event: 26.085 Executing VM operation: HandshakeAllThreads done
Event: 26.514 Executing VM operation: HandshakeAllThreads
Event: 26.514 Executing VM operation: HandshakeAllThreads done
Event: 26.533 Executing VM operation: ICBufferFull
Event: 26.534 Executing VM operation: ICBufferFull done
Event: 27.541 Executing VM operation: Cleanup
Event: 27.541 Executing VM operation: Cleanup done

Events (20 events):
Event: 26.317 loading class java/util/zip/ZipInputStream
Event: 26.317 loading class java/util/zip/ZipInputStream done
Event: 26.358 loading class java/io/CharArrayWriter
Event: 26.358 loading class java/io/CharArrayWriter done
Event: 26.393 loading class java/nio/file/StandardCopyOption
Event: 26.393 loading class java/nio/file/StandardCopyOption done
Event: 26.393 loading class sun/nio/fs/WindowsFileCopy
Event: 26.394 loading class sun/nio/fs/WindowsFileCopy done
Event: 26.476 Thread 0x000001c9dfd44030 Thread added: 0x000001c9dfd44030
Event: 26.513 loading class java/io/FileWriter
Event: 26.513 loading class java/io/FileWriter done
Event: 26.586 Thread 0x000001c9dfd47ff0 Thread added: 0x000001c9dfd47ff0
Event: 26.596 loading class org/xml/sax/Locator
Event: 26.596 loading class org/xml/sax/Locator done
Event: 26.596 loading class org/xml/sax/SAXParseException
Event: 26.596 loading class org/xml/sax/SAXParseException done
Event: 26.597 loading class org/xml/sax/Attributes
Event: 26.597 loading class org/xml/sax/Attributes done
Event: 26.689 loading class java/util/DualPivotQuicksort
Event: 26.690 loading class java/util/DualPivotQuicksort done


Dynamic libraries:
0x00007ff694b40000 - 0x00007ff694b4d000 	C:\Users\anura\.jdks\corretto-17.0.8.1\bin\java.exe
0x00007fffeb920000 - 0x00007fffebb87000 	C:\WINDOWS\SYSTEM32\ntdll.dll
0x00007fffb1870000 - 0x00007fffb1890000 	C:\Program Files\Avast Software\Avast\aswhook.dll
0x00007fffea490000 - 0x00007fffea559000 	C:\WINDOWS\System32\KERNEL32.DLL
0x00007fffe8500000 - 0x00007fffe88f4000 	C:\WINDOWS\System32\KERNELBASE.dll
0x00007fffe9560000 - 0x00007fffe96ab000 	C:\WINDOWS\System32\ucrtbase.dll
0x00007fffd7e50000 - 0x00007fffd7e65000 	C:\Users\anura\.jdks\corretto-17.0.8.1\bin\VCRUNTIME140.dll
0x00007fffdd250000 - 0x00007fffdd267000 	C:\Users\anura\.jdks\corretto-17.0.8.1\bin\jli.dll
0x00007fffe96b0000 - 0x00007fffe9875000 	C:\WINDOWS\System32\USER32.dll
0x00007fffc2650000 - 0x00007fffc28e3000 	C:\WINDOWS\WinSxS\amd64_microsoft.windows.common-controls_6595b64144ccf1df_6.0.26100.8115_none_3e075c82e3354f9c\COMCTL32.dll
0x00007fffe8360000 - 0x00007fffe8387000 	C:\WINDOWS\System32\win32u.dll
0x00007fffea220000 - 0x00007fffea2c9000 	C:\WINDOWS\System32\msvcrt.dll
0x00007fffea8f0000 - 0x00007fffea91b000 	C:\WINDOWS\System32\GDI32.dll
0x00007fffe9430000 - 0x00007fffe955a000 	C:\WINDOWS\System32\gdi32full.dll
0x00007fffe82b0000 - 0x00007fffe8353000 	C:\WINDOWS\System32\msvcp_win.dll
0x00007fffeb6f0000 - 0x00007fffeb722000 	C:\WINDOWS\System32\IMM32.DLL
0x00007fff61260000 - 0x00007fff612fb000 	C:\Users\anura\.jdks\corretto-17.0.8.1\bin\msvcp140.dll
0x00007ffeb6ae0000 - 0x00007ffeb76fd000 	C:\Users\anura\.jdks\corretto-17.0.8.1\bin\server\jvm.dll
0x00007fffea3d0000 - 0x00007fffea486000 	C:\WINDOWS\System32\ADVAPI32.dll
0x00007fffeaea0000 - 0x00007fffeaf47000 	C:\WINDOWS\System32\sechost.dll
0x00007fffeb730000 - 0x00007fffeb848000 	C:\WINDOWS\System32\RPCRT4.dll
0x00007fffe8050000 - 0x00007fffe80ae000 	C:\WINDOWS\SYSTEM32\POWRPROF.dll
0x00007fffdef70000 - 0x00007fffdefa6000 	C:\WINDOWS\SYSTEM32\WINMM.dll
0x00007fffce0a0000 - 0x00007fffce0aa000 	C:\WINDOWS\SYSTEM32\WSOCK32.dll
0x00007fffe0bf0000 - 0x00007fffe0bfb000 	C:\WINDOWS\SYSTEM32\VERSION.dll
0x00007fffe9d00000 - 0x00007fffe9d80000 	C:\WINDOWS\System32\WS2_32.dll
0x00007fffe8030000 - 0x00007fffe8044000 	C:\WINDOWS\SYSTEM32\UMPDC.dll
0x00007fffe6f80000 - 0x00007fffe6f9b000 	C:\WINDOWS\SYSTEM32\kernel.appcore.dll
0x00007fffdcee0000 - 0x00007fffdceea000 	C:\Users\anura\.jdks\corretto-17.0.8.1\bin\jimage.dll
0x00007fffdfba0000 - 0x00007fffdfde2000 	C:\WINDOWS\SYSTEM32\DBGHELP.DLL
0x00007fffe9950000 - 0x00007fffe9cd2000 	C:\WINDOWS\System32\combase.dll
0x00007fffea710000 - 0x00007fffea7e7000 	C:\WINDOWS\System32\OLEAUT32.dll
0x00007fffd52a0000 - 0x00007fffd52db000 	C:\WINDOWS\SYSTEM32\dbgcore.DLL
0x00007fffe9380000 - 0x00007fffe9425000 	C:\WINDOWS\System32\bcryptPrimitives.dll
0x00007fffdcd10000 - 0x00007fffdcd1e000 	C:\Users\anura\.jdks\corretto-17.0.8.1\bin\instrument.dll
0x00007fffa92e0000 - 0x00007fffa9305000 	C:\Users\anura\.jdks\corretto-17.0.8.1\bin\java.dll
0x00007fff3f240000 - 0x00007fff3f316000 	C:\Users\anura\.jdks\corretto-17.0.8.1\bin\jsvml.dll
0x00007fffeaf80000 - 0x00007fffeb6e6000 	C:\WINDOWS\System32\SHELL32.dll
0x00007fffe8390000 - 0x00007fffe84fa000 	C:\WINDOWS\System32\wintypes.dll
0x00007fffe8900000 - 0x00007fffe9165000 	C:\WINDOWS\System32\windows.storage.dll
0x00007fffea7f0000 - 0x00007fffea8e7000 	C:\WINDOWS\System32\SHCORE.dll
0x00007fffea130000 - 0x00007fffea196000 	C:\WINDOWS\System32\shlwapi.dll
0x00007fffe8110000 - 0x00007fffe8139000 	C:\WINDOWS\SYSTEM32\profapi.dll
0x00007fffc2e80000 - 0x00007fffc2e98000 	C:\Users\anura\.jdks\corretto-17.0.8.1\bin\zip.dll
0x00007fffc1c80000 - 0x00007fffc1c99000 	C:\Users\anura\.jdks\corretto-17.0.8.1\bin\net.dll
0x00007fffe3300000 - 0x00007fffe342d000 	C:\WINDOWS\SYSTEM32\WINHTTP.dll
0x00007fffe74f0000 - 0x00007fffe755c000 	C:\WINDOWS\system32\mswsock.dll
0x00007fffbf050000 - 0x00007fffbf065000 	C:\Users\anura\.jdks\corretto-17.0.8.1\bin\nio.dll
0x00007fffd72c0000 - 0x00007fffd72d0000 	C:\Users\anura\.jdks\corretto-17.0.8.1\bin\verify.dll
0x00007fffb6550000 - 0x00007fffb6577000 	C:\Users\anura\.gradle\native\1def1411415f61bf3af743bc5b6707747c0891f09f0c88961ee8f79bc544acac\windows-amd64\native-platform.dll
0x00007fff6a120000 - 0x00007fff6a198000 	C:\Users\anura\.gradle\native\0.2.7\x86_64-windows-gnu\gradle-fileevents.dll
0x00007fffe26a0000 - 0x00007fffe26a9000 	C:\Users\anura\.jdks\corretto-17.0.8.1\bin\management.dll
0x00007fffe16d0000 - 0x00007fffe16db000 	C:\Users\anura\.jdks\corretto-17.0.8.1\bin\management_ext.dll
0x00007fffeb8d0000 - 0x00007fffeb8d8000 	C:\WINDOWS\System32\PSAPI.DLL
0x00007fffe6990000 - 0x00007fffe69c2000 	C:\WINDOWS\SYSTEM32\IPHLPAPI.DLL
0x00007fffe9880000 - 0x00007fffe988a000 	C:\WINDOWS\System32\NSI.dll
0x00007fffe34e0000 - 0x00007fffe34fd000 	C:\WINDOWS\SYSTEM32\dhcpcsvc6.DLL
0x00007fffe3430000 - 0x00007fffe3455000 	C:\WINDOWS\SYSTEM32\dhcpcsvc.DLL
0x00007fffe6a30000 - 0x00007fffe6b62000 	C:\WINDOWS\SYSTEM32\DNSAPI.dll
0x00007fffe77d0000 - 0x00007fffe77eb000 	C:\WINDOWS\SYSTEM32\CRYPTSP.dll
0x00007fffe6ee0000 - 0x00007fffe6f19000 	C:\WINDOWS\system32\rsaenh.dll
0x00007fffe75a0000 - 0x00007fffe75d3000 	C:\WINDOWS\SYSTEM32\USERENV.dll
0x00007fffe80e0000 - 0x00007fffe810a000 	C:\WINDOWS\SYSTEM32\bcrypt.dll
0x00007fffe77f0000 - 0x00007fffe77fc000 	C:\WINDOWS\SYSTEM32\CRYPTBASE.dll
0x00007fffe1590000 - 0x00007fffe159e000 	C:\Users\anura\.jdks\corretto-17.0.8.1\bin\sunmscapi.dll
0x00007fffe9170000 - 0x00007fffe92e7000 	C:\WINDOWS\System32\CRYPT32.dll
0x00007fffe79f0000 - 0x00007fffe7a20000 	C:\WINDOWS\SYSTEM32\ncrypt.dll
0x00007fffe79a0000 - 0x00007fffe79df000 	C:\WINDOWS\SYSTEM32\NTASN1.dll
0x00007fff77540000 - 0x00007fff77548000 	C:\WINDOWS\system32\wshunix.dll

dbghelp: loaded successfully - version: 4.0.5 - missing functions: none
symbol engine: initialized successfully - sym options: 0x614 - pdb path: .;C:\Users\anura\.jdks\corretto-17.0.8.1\bin;C:\WINDOWS\SYSTEM32;C:\Program Files\Avast Software\Avast;C:\WINDOWS\WinSxS\amd64_microsoft.windows.common-controls_6595b64144ccf1df_6.0.26100.8115_none_3e075c82e3354f9c;C:\Users\anura\.jdks\corretto-17.0.8.1\bin\server;C:\Users\anura\.gradle\native\1def1411415f61bf3af743bc5b6707747c0891f09f0c88961ee8f79bc544acac\windows-amd64;C:\Users\anura\.gradle\native\0.2.7\x86_64-windows-gnu

VM Arguments:
jvm_args: --add-opens=java.base/java.lang=ALL-UNNAMED --add-opens=java.base/java.lang.invoke=ALL-UNNAMED --add-opens=java.base/java.util=ALL-UNNAMED --add-opens=java.prefs/java.util.prefs=ALL-UNNAMED --add-exports=jdk.compiler/com.sun.tools.javac.api=ALL-UNNAMED --add-exports=jdk.compiler/com.sun.tools.javac.util=ALL-UNNAMED --add-opens=java.base/java.util=ALL-UNNAMED --add-opens=java.prefs/java.util.prefs=ALL-UNNAMED --add-opens=java.base/java.nio.charset=ALL-UNNAMED --add-opens=java.base/java.net=ALL-UNNAMED --add-opens=java.base/java.util.concurrent.atomic=ALL-UNNAMED --add-opens=java.xml/javax.xml.namespace=ALL-UNNAMED -XX:MaxMetaspaceSize=384m -XX:+HeapDumpOnOutOfMemoryError -Xms256m -Xmx512m -Dfile.encoding=windows-1252 -Duser.country=IN -Duser.language=en -Duser.variant -javaagent:C:\Users\anura\.gradle\wrapper\dists\gradle-8.14.3-bin\cv11ve7ro1n3o1j4so8xd9n66\gradle-8.14.3\lib\agents\gradle-instrumentation-agent-8.14.3.jar 
java_command: org.gradle.launcher.daemon.bootstrap.GradleDaemon 8.14.3
java_class_path (initial): C:\Users\anura\.gradle\wrapper\dists\gradle-8.14.3-bin\cv11ve7ro1n3o1j4so8xd9n66\gradle-8.14.3\lib\gradle-daemon-main-8.14.3.jar
Launcher Type: SUN_STANDARD

[Global flags]
     intx CICompilerCount                          = 12                                        {product} {ergonomic}
   size_t CompressedClassSpaceSize                 = 335544320                                 {product} {ergonomic}
     uint ConcGCThreads                            = 3                                         {product} {ergonomic}
     uint G1ConcRefinementThreads                  = 13                                        {product} {ergonomic}
   size_t G1HeapRegionSize                         = 1048576                                   {product} {ergonomic}
    uintx GCDrainStackTargetSize                   = 64                                        {product} {ergonomic}
     bool HeapDumpOnOutOfMemoryError               = true                                   {manageable} {command line}
   size_t InitialHeapSize                          = 268435456                                 {product} {command line}
   size_t MarkStackSize                            = 4194304                                   {product} {ergonomic}
   size_t MaxHeapSize                              = 536870912                                 {product} {command line}
   size_t MaxMetaspaceSize                         = 402653184                                 {product} {command line}
   size_t MaxNewSize                               = 321912832                                 {product} {ergonomic}
   size_t MinHeapDeltaBytes                        = 1048576                                   {product} {ergonomic}
   size_t MinHeapSize                              = 268435456                                 {product} {command line}
    uintx NonNMethodCodeHeapSize                   = 7602480                                {pd product} {ergonomic}
    uintx NonProfiledCodeHeapSize                  = 122027880                              {pd product} {ergonomic}
    uintx ProfiledCodeHeapSize                     = 122027880                              {pd product} {ergonomic}
    uintx ReservedCodeCacheSize                    = 251658240                              {pd product} {ergonomic}
     bool SegmentedCodeCache                       = true                                      {product} {ergonomic}
   size_t SoftMaxHeapSize                          = 536870912                              {manageable} {ergonomic}
     bool UseCompressedClassPointers               = true                           {product lp64_product} {ergonomic}
     bool UseCompressedOops                        = true                           {product lp64_product} {ergonomic}
     bool UseG1GC                                  = true                                      {product} {ergonomic}
     bool UseLargePagesIndividualAllocation        = false                                  {pd product} {ergonomic}

Logging:
Log output configuration:
 #0: stdout all=warning uptime,level,tags
 #1: stderr all=off uptime,level,tags

Environment Variables:
PATH=C:\Program Files (x86)\VMware\VMware Player\bin\;C:\windows\system32;C:\windows;C:\windows\System32\Wbem;C:\windows\System32\WindowsPowerShell\v1.0\;C:\windows\System32\OpenSSH\;C:\Program Files (x86)\NVIDIA Corporation\PhysX\Common;C:\Program Files\NVIDIA Corporation\NVIDIA NvDLISR;C:\Users\Administrator\AppData\Local\Microsoft\WindowsApps;C:\Windows;C:\Windows\System32;C:\Windows\System32\WindowsPowerShell\v1.0\;C:\Program Files\HP\OMEN-Broadcast\Common;C:\WINDOWS\system32;C:\WINDOWS;C:\WINDOWS\System32\Wbem;C:\WINDOWS\System32\WindowsPowerShell\v1.0\;C:\WINDOWS\System32\OpenSSH\;C:\Program Files\Git\cmd;C:\Program Files\Git\bin;C:\Program Files\cursor\resources\app\bin;C:\Program Files\nodejs\;C:\Users\anura\AppData\Roaming\npm;C:\Users\anura\AppData\Local\Programs\Python\Python313\Scripts\;C:\Users\anura\AppData\Local\Programs\Python\Python313\;C:\Users\anura\AppData\Local\Microsoft\WindowsApps;C:\Users\anura\AppData\Local\Programs\Microsoft VS Code\bin;C:\Users\anura\AppData\Local\JetBrains\Toolbox\scripts;C:\Users\anura\AppData\Local\GitHubDesktop\bin;C:\Users\anura\AppData\Roaming\npm
USERNAME=anura
OS=Windows_NT
PROCESSOR_IDENTIFIER=AMD64 Family 25 Model 116 Stepping 1, AuthenticAMD
TMP=C:\Users\anura\AppData\Local\Temp
TEMP=C:\Users\anura\AppData\Local\Temp



---------------  S Y S T E M  ---------------

OS:
 Windows 11 , 64 bit Build 26100 (10.0.26100.8115)
OS uptime: 11 days 7:44 hours
Hyper-V role detected

CPU: total 16 (initial active 16) (16 cores per cpu, 2 threads per core) family 25 model 116 stepping 1 microcode 0xa704109, cx8, cmov, fxsr, ht, mmx, 3dnowpref, sse, sse2, sse3, ssse3, sse4a, sse4.1, sse4.2, popcnt, lzcnt, tsc, tscinvbit, avx, avx2, aes, erms, clmul, bmi1, bmi2, adx, avx512f, avx512dq, avx512cd, avx512bw, avx512vl, sha, fma, vzeroupper, avx512_vpopcntdq, avx512_vpclmulqdq, avx512_vaes, avx512_vnni, clflush, clflushopt, avx512_vbmi2, avx512_vbmi, hv
Processor Information for processor 0
  Max Mhz: 3801, Current Mhz: 2516, Mhz Limit: 3801
Processor Information for processor 1
  Max Mhz: 3801, Current Mhz: 2516, Mhz Limit: 3801
Processor Information for processor 2
  Max Mhz: 3801, Current Mhz: 2516, Mhz Limit: 3801
Processor Information for processor 3
  Max Mhz: 3801, Current Mhz: 3801, Mhz Limit: 3801
Processor Information for processor 4
  Max Mhz: 3801, Current Mhz: 2516, Mhz Limit: 3801
Processor Information for processor 5
  Max Mhz: 3801, Current Mhz: 3801, Mhz Limit: 3801
Processor Information for processor 6
  Max Mhz: 3801, Current Mhz: 3801, Mhz Limit: 3801
Processor Information for processor 7
  Max Mhz: 3801, Current Mhz: 3801, Mhz Limit: 3801
Processor Information for processor 8
  Max Mhz: 3801, Current Mhz: 3801, Mhz Limit: 3801
Processor Information for processor 9
  Max Mhz: 3801, Current Mhz: 3801, Mhz Limit: 3801
Processor Information for processor 10
  Max Mhz: 3801, Current Mhz: 3801, Mhz Limit: 3801
Processor Information for processor 11
  Max Mhz: 3801, Current Mhz: 3801, Mhz Limit: 3801
Processor Information for processor 12
  Max Mhz: 3801, Current Mhz: 3801, Mhz Limit: 3801
Processor Information for processor 13
  Max Mhz: 3801, Current Mhz: 3801, Mhz Limit: 3801
Processor Information for processor 14
  Max Mhz: 3801, Current Mhz: 3801, Mhz Limit: 3801
Processor Information for processor 15
  Max Mhz: 3801, Current Mhz: 3801, Mhz Limit: 3801

Memory: 4k page, system-wide physical 15654M (1050M free)
TotalPageFile size 62758M (AvailPageFile size 22M)
current process WorkingSet (physical memory assigned to process): 562M, peak: 566M
current process commit charge ("private bytes"): 617M, peak: 622M

vm_info: OpenJDK 64-Bit Server VM (17.0.8.1+8-LTS) for windows-amd64 JRE (17.0.8.1+8-LTS), built on Aug 19 2023 03:47:39 by "Administrator" with MS VC++ 15.9 (VS2017)

END.
